Component: ARM Compiler 6.14 Tool: armlink [5db06800]

==============================================================================

Section Cross References

    spi_init.o(.ARM.exidx.text.LPSPI0_init_master) refers to spi_init.o(.text.LPSPI0_init_master) for [Anonymous Symbol]
    spi_init.o(.ARM.exidx.text.LPSPI0_transmit) refers to spi_init.o(.text.LPSPI0_transmit) for [Anonymous Symbol]
    clock_init.o(.ARM.exidx.text.Clock_init) refers to clock_init.o(.text.Clock_init) for [Anonymous Symbol]
    port_init.o(.ARM.exidx.text.PORT_init) refers to port_init.o(.text.PORT_init) for [Anonymous Symbol]
    port_init.o(.text.PORTC_IRQHandler) refers to main.o(.bss.G_mode) for G_mode
    port_init.o(.text.PORTC_IRQHandler) refers to main.o(.data.Display_Mode) for Display_Mode
    port_init.o(.text.PORTC_IRQHandler) refers to lpit_init.o(.bss.Led_Toggle_Count) for Led_Toggle_Count
    port_init.o(.text.PORTC_IRQHandler) refers to main.o(.bss.Bright_Lv) for Bright_Lv
    port_init.o(.ARM.exidx.text.PORTC_IRQHandler) refers to port_init.o(.text.PORTC_IRQHandler) for [Anonymous Symbol]
    lpuart_init.o(.ARM.exidx.text.LPUART1_init) refers to lpuart_init.o(.text.LPUART1_init) for [Anonymous Symbol]
    lpuart_init.o(.ARM.exidx.text.LPUART1_transmit_char) refers to lpuart_init.o(.text.LPUART1_transmit_char) for [Anonymous Symbol]
    lpuart_init.o(.text.LPUART1_transmit_string) refers to lpuart_init.o(.text.LPUART1_transmit_char) for LPUART1_transmit_char
    lpuart_init.o(.ARM.exidx.text.LPUART1_transmit_string) refers to lpuart_init.o(.text.LPUART1_transmit_string) for [Anonymous Symbol]
    lpuart_init.o(.text.LPUART1_RxTx_IRQHandler) refers to lpuart_init.o(.bss.Word_Count) for Word_Count
    lpuart_init.o(.text.LPUART1_RxTx_IRQHandler) refers to lpuart_init.o(.bss.UART_receive_data) for UART_receive_data
    lpuart_init.o(.text.LPUART1_RxTx_IRQHandler) refers to lpuart_init.o(.bss.flag) for flag
    lpuart_init.o(.ARM.exidx.text.LPUART1_RxTx_IRQHandler) refers to lpuart_init.o(.text.LPUART1_RxTx_IRQHandler) for [Anonymous Symbol]
    display.o(.text.DisplayDigit) refers to spi_init.o(.text.LPSPI0_transmit) for LPSPI0_transmit
    display.o(.ARM.exidx.text.DisplayDigit) refers to display.o(.text.DisplayDigit) for [Anonymous Symbol]
    display.o(.text.Enable_LED) refers to spi_init.o(.text.LPSPI0_transmit) for LPSPI0_transmit
    display.o(.text.Enable_LED) refers to main.o(.data.Time) for Time
    display.o(.text.Enable_LED) refers to display.o(.text.DisplayClock) for DisplayClock
    display.o(.ARM.exidx.text.Enable_LED) refers to display.o(.text.Enable_LED) for [Anonymous Symbol]
    display.o(.text.DisplayClock) refers to display.o(.data.Add) for Add
    display.o(.text.DisplayClock) refers to display.o(.data.Seg) for Seg
    display.o(.text.DisplayClock) refers to display.o(.text.DisplayDigit) for DisplayDigit
    display.o(.ARM.exidx.text.DisplayClock) refers to display.o(.text.DisplayClock) for [Anonymous Symbol]
    display.o(.text.Time_cal) refers to main.o(.data.Time) for Time
    display.o(.text.Time_cal) refers to main.o(.bss.CurTime) for CurTime
    display.o(.text.Time_cal) refers to main.o(.bss.PreTime) for PreTime
    display.o(.ARM.exidx.text.Time_cal) refers to display.o(.text.Time_cal) for [Anonymous Symbol]
    display.o(.text.DisplayDate) refers to display.o(.data.Add) for Add
    display.o(.text.DisplayDate) refers to main.o(.data.Date) for Date
    display.o(.text.DisplayDate) refers to display.o(.data.Seg) for Seg
    display.o(.text.DisplayDate) refers to display.o(.text.DisplayDigit) for DisplayDigit
    display.o(.ARM.exidx.text.DisplayDate) refers to display.o(.text.DisplayDate) for [Anonymous Symbol]
    lpit_init.o(.ARM.exidx.text.LPIT_init) refers to lpit_init.o(.text.LPIT_init) for [Anonymous Symbol]
    lpit_init.o(.text.LPIT0_Ch0_IRQHandler) refers to display.o(.text.Time_cal) for Time_cal
    lpit_init.o(.text.LPIT0_Ch0_IRQHandler) refers to main.o(.text.Check_Bright_Lv) for Check_Bright_Lv
    lpit_init.o(.text.LPIT0_Ch0_IRQHandler) refers to main.o(.text.Check_Alarm) for Check_Alarm
    lpit_init.o(.text.LPIT0_Ch0_IRQHandler) refers to main.o(.text.Check_Mode) for Check_Mode
    lpit_init.o(.ARM.exidx.text.LPIT0_Ch0_IRQHandler) refers to lpit_init.o(.text.LPIT0_Ch0_IRQHandler) for [Anonymous Symbol]
    lpit_init.o(.text.LPIT0_Ch1_IRQHandler) refers to lpit_init.o(.bss.Led_Toggle_Count) for Led_Toggle_Count
    lpit_init.o(.ARM.exidx.text.LPIT0_Ch1_IRQHandler) refers to lpit_init.o(.text.LPIT0_Ch1_IRQHandler) for [Anonymous Symbol]
    main.o(.text) refers (Special) to _scanf_int.o(.text) for _scanf_int
    main.o(.text.main) refers (Special) to _scanf_int.o(.text) for _scanf_int
    main.o(.text.main) refers to clock_init.o(.text.Clock_init) for Clock_init
    main.o(.text.main) refers to port_init.o(.text.PORT_init) for PORT_init
    main.o(.text.main) refers to lpuart_init.o(.text.LPUART1_init) for LPUART1_init
[...]
    startup_s32k144.o(RESET) refers to startup_s32k144.o(.text) for Reset_Handler
    startup_s32k144.o(RESET) refers to lpuart_init.o(.text.LPUART1_RxTx_IRQHandler) for LPUART1_RxTx_IRQHandler
    startup_s32k144.o(RESET) refers to lpit_init.o(.text.LPIT0_Ch0_IRQHandler) for LPIT0_Ch0_IRQHandler
    startup_s32k144.o(RESET) refers to lpit_init.o(.text.LPIT0_Ch1_IRQHandler) for LPIT0_Ch1_IRQHandler
    startup_s32k144.o(RESET) refers to port_init.o(.text.PORTC_IRQHandler) for PORTC_IRQHandler
    startup_s32k144.o(FlashConfig) refers (Special) to main.o(.text.main) for main
    system_s32k144.o(.ARM.exidx.text.SystemInit) refers to system_s32k144.o(.text.SystemInit) for [Anonymous Symbol]
    system_s32k144.o(.text.SystemCoreClockUpdate) refers to system_s32k144.o(.data.SystemCoreClock) for SystemCoreClock
    system_s32k144.o(.ARM.exidx.text.SystemCoreClockUpdate) refers to system_s32k144.o(.text.SystemCoreClockUpdate) for [Anonymous Symbol]
    system_s32k144.o(.ARM.exidx.text.SystemSoftwareReset) refers to system_s32k144.o(.text.SystemSoftwareReset) for [Anonymous Symbol]
    __0sscanf.o(.text) refers to scanf_char.o(.text) for __vfscanf_char
    __0sscanf.o(.text) refers to _sgetc.o(.text) for _sgetc
    _scanf_int.o(.text) refers to _chval.o(.text) for _chval
    __main.o(!!!main) refers to __rtentry.o(.ARM.Collect$$rtentry$$00000000) for __rt_entry
    __rtentry.o(.ARM.Collect$$rtentry$$00000000) refers (Special) to __rtentry2.o(.ARM.Collect$$rtentry$$0000000A) for __rt_entry_li
    __rtentry.o(.ARM.Collect$$rtentry$$00000000) refers (Special) to __rtentry2.o(.ARM.Collect$$rtentry$$0000000D) for __rt_entry_main
    __rtentry.o(.ARM.Collect$$rtentry$$00000000) refers (Special) to __rtentry2.o(.ARM.Collect$$rtentry$$0000000C) for __rt_entry_postli_1
    __rtentry.o(.ARM.Collect$$rtentry$$00000000) refers (Special) to __rtentry2.o(.ARM.Collect$$rtentry$$00000009) for __rt_entry_postsh_1
    __rtentry.o(.ARM.Collect$$rtentry$$00000000) refers (Special) to __rtentry2.o(.ARM.Collect$$rtentry$$00000002) for __rt_entry_presh_1
    __rtentry.o(.ARM.Collect$$rtentry$$00000000) refers (Special) to __rtentry7.o(.ARM.Collect$$rtentry$$00000007) for __rt_entry_sh
    scanf_char.o(.text) refers to _scanf.o(.text) for __vfscanf
    scanf_char.o(.text) refers to isspace.o(.text) for isspace
    __rtentry2.o(.ARM.Collect$$rtentry$$00000008) refers to boardinit2.o(.text) for _platform_post_stackheap_init
    __rtentry2.o(.ARM.Collect$$rtentry$$0000000A) refers to libinit.o(.ARM.Collect$$libinit$$00000000) for __rt_lib_init
    __rtentry2.o(.ARM.Collect$$rtentry$$0000000B) refers to boardinit3.o(.text) for _platform_post_lib_init
    __rtentry2.o(.ARM.Collect$$rtentry$$0000000D) refers to main.o(.text.main) for main
    __rtentry2.o(.ARM.Collect$$rtentry$$0000000D) refers to exit.o(.text) for exit
    __rtentry2.o(.ARM.exidx) refers to __rtentry2.o(.ARM.Collect$$rtentry$$00000001) for .ARM.Collect$$rtentry$$00000001
    __rtentry2.o(.ARM.exidx) refers to __rtentry2.o(.ARM.Collect$$rtentry$$00000008) for .ARM.Collect$$rtentry$$00000008
    __rtentry2.o(.ARM.exidx) refers to __rtentry2.o(.ARM.Collect$$rtentry$$0000000A) for .ARM.Collect$$rtentry$$0000000A
    __rtentry2.o(.ARM.exidx) refers to __rtentry2.o(.ARM.Collect$$rtentry$$0000000B) for .ARM.Collect$$rtentry$$0000000B
    __rtentry2.o(.ARM.exidx) refers to __rtentry2.o(.ARM.Collect$$rtentry$$0000000D) for .ARM.Collect$$rtentry$$0000000D
    __rtentry4.o(.ARM.Collect$$rtentry$$00000004) refers to sys_stackheap_outer.o(.text) for __user_setup_stackheap
    __rtentry4.o(.ARM.exidx) refers to __rtentry4.o(.ARM.Collect$$rtentry$$00000004) for .ARM.Collect$$rtentry$$00000004
    __rtentry7.o(.ARM.Collect$$rtentry$$00000007) refers to __rtentry7.o(.ARM.Collect$$rtentry$$00002718) for __lit__00000000
    __rtentry7.o(__vectab_stack_and_reset_2_area) refers to __main.o(!!!main) for __main
    __rtentry7.o(.ARM.exidx) refers to __rtentry7.o(.ARM.Collect$$rtentry$$00000007) for .ARM.Collect$$rtentry$$00000007
    __rtentry7.o(.ARM.exidx) refers to __rtentry7.o(.ARM.Collect$$rtentry$$00002718) for .ARM.Collect$$rtentry$$00002718
    isspace.o(.text) refers to rt_ctype_table.o(.text) for __rt_ctype_table
    _scanf.o(.text) refers (Weak) to _scanf_int.o(.text) for _scanf_int
    sys_stackheap_outer.o(.text) refers to libspace.o(.text) for __user_perproc_libspace
    sys_stackheap_outer.o(.text) refers to sys_stackheap.o(.text) for __user_initial_stackheap
    rt_ctype_table.o(.text) refers to rt_locale_intlibspace.o(.text) for __rt_locale
    rt_ctype_table.o(.text) refers to lc_ctype_c.o(locale$$code) for _get_lc_ctype
    exit.o(.text) refers to rtexit.o(.ARM.Collect$$rtexit$$00000000) for __rt_exit
    libinit.o(.ARM.Collect$$libinit$$00000000) refers (Special) to libinit2.o(.ARM.Collect$$libinit$$0000002E) for __rt_lib_init_alloca_1
    libinit.o(.ARM.Collect$$libinit$$00000000) refers (Special) to libinit2.o(.ARM.Collect$$libinit$$0000002C) for __rt_lib_init_argv_1
    libinit.o(.ARM.Collect$$libinit$$00000000) refers (Special) to libinit2.o(.ARM.Collect$$libinit$$0000001B) for __rt_lib_init_atexit_1
    libinit.o(.ARM.Collect$$libinit$$00000000) refers (Special) to libinit2.o(.ARM.Collect$$libinit$$00000021) for __rt_lib_init_clock_1
    libinit.o(.ARM.Collect$$libinit$$00000000) refers (Special) to libinit2.o(.ARM.Collect$$libinit$$00000032) for __rt_lib_init_cpp_1
    libinit.o(.ARM.Collect$$libinit$$00000000) refers (Special) to libinit2.o(.ARM.Collect$$libinit$$00000030) for __rt_lib_init_exceptions_1
    libinit.o(.ARM.Collect$$libinit$$00000000) refers (Special) to libinit2.o(.ARM.Collect$$libinit$$00000001) for __rt_lib_init_fp_1
    libinit.o(.ARM.Collect$$libinit$$00000000) refers (Special) to libinit2.o(.ARM.Collect$$libinit$$0000001F) for __rt_lib_init_fp_trap_1
    libinit.o(.ARM.Collect$$libinit$$00000000) refers (Special) to libinit2.o(.ARM.Collect$$libinit$$00000023) for __rt_lib_init_getenv_1
    libinit.o(.ARM.Collect$$libinit$$00000000) refers (Special) to libinit2.o(.ARM.Collect$$libinit$$0000000A) for __rt_lib_init_heap_1
    libinit.o(.ARM.Collect$$libinit$$00000000) refers (Special) to libinit2.o(.ARM.Collect$$libinit$$00000011) for __rt_lib_init_lc_collate_1
    libinit.o(.ARM.Collect$$libinit$$00000000) refers (Special) to libinit2.o(.ARM.Collect$$libinit$$00000013) for __rt_lib_init_lc_ctype_1
    libinit.o(.ARM.Collect$$libinit$$00000000) refers (Special) to libinit2.o(.ARM.Collect$$libinit$$00000015) for __rt_lib_init_lc_monetary_1
    libinit.o(.ARM.Collect$$libinit$$00000000) refers (Special) to libinit2.o(.ARM.Collect$$libinit$$00000017) for __rt_lib_init_lc_numeric_1
    libinit.o(.ARM.Collect$$libinit$$00000000) refers (Special) to libinit2.o(.ARM.Collect$$libinit$$00000019) for __rt_lib_init_lc_time_1
    libinit.o(.ARM.Collect$$libinit$$00000000) refers (Special) to libinit2.o(.ARM.Collect$$libinit$$00000004) for __rt_lib_init_preinit_1
    libinit.o(.ARM.Collect$$libinit$$00000000) refers (Special) to libinit2.o(.ARM.Collect$$libinit$$0000000E) for __rt_lib_init_rand_1
    libinit.o(.ARM.Collect$$libinit$$00000000) refers (Special) to libinit2.o(.ARM.Collect$$libinit$$00000033) for __rt_lib_init_return
    libinit.o(.ARM.Collect$$libinit$$00000000) refers (Special) to libinit2.o(.ARM.Collect$$libinit$$0000001D) for __rt_lib_init_signal_1
    libinit.o(.ARM.Collect$$libinit$$00000000) refers (Special) to libinit2.o(.ARM.Collect$$libinit$$00000025) for __rt_lib_init_stdio_1
    libinit.o(.ARM.Collect$$libinit$$00000000) refers (Special) to libinit2.o(.ARM.Collect$$libinit$$0000000C) for __rt_lib_init_user_alloc_1
    libspace.o(.text) refers to libspace.o(.bss) for __libspace_start
    sys_stackheap.o(.text) refers (Special) to indicate_semi.o(.text) for __semihosting_library_function
    sys_stackheap.o(.text) refers to use_no_semi.o(.text) for __I$use$semihosting
    sys_stackheap_hlt.o(.text) refers (Special) to indicate_semi.o(.text) for __semihosting_library_function
    sys_stackheap_hlt.o(.text) refers to use_no_semi.o(.text) for __I$use$semihosting
    rtexit.o(.ARM.Collect$$rtexit$$00000000) refers (Special) to rtexit2.o(.ARM.Collect$$rtexit$$00000004) for __rt_exit_exit
    rtexit.o(.ARM.Collect$$rtexit$$00000000) refers (Special) to rtexit2.o(.ARM.Collect$$rtexit$$00000003) for __rt_exit_ls
    rtexit.o(.ARM.Collect$$rtexit$$00000000) refers (Special) to rtexit2.o(.ARM.Collect$$rtexit$$00000002) for __rt_exit_prels_1
    rtexit.o(.ARM.exidx) refers (Special) to rtexit2.o(.ARM.Collect$$rtexit$$00000004) for __rt_exit_exit
    rtexit.o(.ARM.exidx) refers (Special) to rtexit2.o(.ARM.Collect$$rtexit$$00000003) for __rt_exit_ls
    rtexit.o(.ARM.exidx) refers (Special) to rtexit2.o(.ARM.Collect$$rtexit$$00000002) for __rt_exit_prels_1
    rtexit.o(.ARM.exidx) refers to rtexit.o(.ARM.Collect$$rtexit$$00000000) for .ARM.Collect$$rtexit$$00000000
    rt_locale.o(.text) refers to rt_locale.o(.bss) for __rt_locale_data
    rt_locale_intlibspace.o(.text) refers to libspace.o(.bss) for __libspace_start
    lc_ctype_c.o(locale$$data) refers (Special) to libinit2.o(.ARM.Collect$$libinit$$00000012) for __rt_lib_init_lc_ctype_2
    lc_ctype_c.o(locale$$code) refers (Special) to libinit2.o(.ARM.Collect$$libinit$$00000012) for __rt_lib_init_lc_ctype_2
    lc_ctype_c.o(locale$$code) refers to strcmpv7em.o(.text) for strcmp
    lc_ctype_c.o(locale$$code) refers to lc_ctype_c.o(locale$$data) for __lcctype_c_name
    libinit2.o(.ARM.Collect$$libinit$$00000001) refers to fpinit.o(x$fpl$fpinit) for _fp_init
    libinit2.o(.ARM.Collect$$libinit$$0000000F) refers (Weak) to rt_locale_intlibspace.o(.text) for __rt_locale
    libinit2.o(.ARM.Collect$$libinit$$00000010) refers to libinit2.o(.ARM.Collect$$libinit$$0000000F) for .ARM.Collect$$libinit$$0000000F
    libinit2.o(.ARM.Collect$$libinit$$00000012) refers to libinit2.o(.ARM.Collect$$libinit$$0000000F) for .ARM.Collect$$libinit$$0000000F
    libinit2.o(.ARM.Collect$$libinit$$00000012) refers (Weak) to lc_ctype_c.o(locale$$code) for _get_lc_ctype
    libinit2.o(.ARM.Collect$$libinit$$00000014) refers to libinit2.o(.ARM.Collect$$libinit$$0000000F) for .ARM.Collect$$libinit$$0000000F
    libinit2.o(.ARM.Collect$$libinit$$00000016) refers to libinit2.o(.ARM.Collect$$libinit$$0000000F) for .ARM.Collect$$libinit$$0000000F
    libinit2.o(.ARM.Collect$$libinit$$00000018) refers to libinit2.o(.ARM.Collect$$libinit$$0000000F) for .ARM.Collect$$libinit$$0000000F
    libinit2.o(.ARM.Collect$$libinit$$00000026) refers to argv_veneer.o(.emb_text) for __ARM_argv_veneer
    libinit2.o(.ARM.Collect$$libinit$$00000027) refers to argv_veneer.o(.emb_text) for __ARM_argv_veneer
    libinit5.o(.ARM.Collect$$libinit$$00000008) refers to libinit5.o(.ARM.Collect$$libinit$$00002719) for __lit__00000000
    libinit5.o(.ARM.Collect$$libinit$$0000002A) refers to libinit5.o(.ARM.Collect$$libinit$$0000273B) for __lit__00000002
    libinit5.o(.ARM.Collect$$libinit$$0000002A) refers to argv_veneer.o(.emb_text) for __ARM_argv_veneer
    rtexit2.o(.ARM.Collect$$rtexit$$00000003) refers to libshutdown.o(.ARM.Collect$$libshutdown$$00000000) for __rt_lib_shutdown
    rtexit2.o(.ARM.Collect$$rtexit$$00000004) refers to sys_exit.o(.text) for _sys_exit
    rtexit2.o(.ARM.exidx) refers to rtexit2.o(.ARM.Collect$$rtexit$$00000001) for .ARM.Collect$$rtexit$$00000001
    rtexit2.o(.ARM.exidx) refers to rtexit2.o(.ARM.Collect$$rtexit$$00000003) for .ARM.Collect$$rtexit$$00000003
    rtexit2.o(.ARM.exidx) refers to rtexit2.o(.ARM.Collect$$rtexit$$00000004) for .ARM.Collect$$rtexit$$00000004
    argv_veneer.o(.emb_text) refers to no_argv.o(.text) for __ARM_get_argv
    sys_exit.o(.text) refers (Special) to use_no_semi.o(.text) for __I$use$semihosting
    sys_exit.o(.text) refers (Special) to indicate_semi.o(.text) for __semihosting_library_function
    sys_exit_hlt.o(.text) refers (Special) to use_no_semi.o(.text) for __I$use$semihosting
    sys_exit_hlt.o(.text) refers (Special) to indicate_semi.o(.text) for __semihosting_library_function
    _get_argv_nomalloc.o(.text) refers (Special) to hrguard.o(.text) for __heap_region$guard
    _get_argv_nomalloc.o(.text) refers to defsig_rtmem_outer.o(.text) for __rt_SIGRTMEM
    _get_argv_nomalloc.o(.text) refers to sys_command.o(.text) for _sys_command_string
    libshutdown.o(.ARM.Collect$$libshutdown$$00000000) refers (Special) to libshutdown2.o(.ARM.Collect$$libshutdown$$00000002) for __rt_lib_shutdown_cpp_1
    libshutdown.o(.ARM.Collect$$libshutdown$$00000000) refers (Special) to libshutdown2.o(.ARM.Collect$$libshutdown$$00000007) for __rt_lib_shutdown_fp_trap_1
    libshutdown.o(.ARM.Collect$$libshutdown$$00000000) refers (Special) to libshutdown2.o(.ARM.Collect$$libshutdown$$0000000F) for __rt_lib_shutdown_heap_1
    libshutdown.o(.ARM.Collect$$libshutdown$$00000000) refers (Special) to libshutdown2.o(.ARM.Collect$$libshutdown$$00000010) for __rt_lib_shutdown_return
    libshutdown.o(.ARM.Collect$$libshutdown$$00000000) refers (Special) to libshutdown2.o(.ARM.Collect$$libshutdown$$0000000A) for __rt_lib_shutdown_signal_1
    libshutdown.o(.ARM.Collect$$libshutdown$$00000000) refers (Special) to libshutdown2.o(.ARM.Collect$$libshutdown$$00000004) for __rt_lib_shutdown_stdio_1
    libshutdown.o(.ARM.Collect$$libshutdown$$00000000) refers (Special) to libshutdown2.o(.ARM.Collect$$libshutdown$$0000000C) for __rt_lib_shutdown_user_alloc_1
    sys_command.o(.text) refers (Special) to use_no_semi.o(.text) for __I$use$semihosting
    sys_command.o(.text) refers (Special) to indicate_semi.o(.text) for __semihosting_library_function
    sys_command_hlt.o(.text) refers (Special) to use_no_semi.o(.text) for __I$use$semihosting
    sys_command_hlt.o(.text) refers (Special) to indicate_semi.o(.text) for __semihosting_library_function
    defsig_rtmem_outer.o(.text) refers to defsig_rtmem_inner.o(.text) for __rt_SIGRTMEM_inner
    defsig_rtmem_outer.o(.text) refers to defsig_exit.o(.text) for __sig_exit
    defsig_rtmem_formal.o(.text) refers to rt_raise.o(.text) for __rt_raise
    rt_raise.o(.text) refers to __raise.o(.text) for __raise
    rt_raise.o(.text) refers to sys_exit.o(.text) for _sys_exit
    defsig_exit.o(.text) refers to sys_exit.o(.text) for _sys_exit
    defsig_rtmem_inner.o(.text) refers to defsig_general.o(.text) for __default_signal_display
    __raise.o(.text) refers to defsig.o(CL$$defsig) for __default_signal_handler
    defsig_general.o(.text) refers to sys_wrch.o(.text) for _ttywrch
    sys_wrch.o(.text) refers (Special) to use_no_semi.o(.text) for __I$use$semihosting
    sys_wrch.o(.text) refers (Special) to indicate_semi.o(.text) for __semihosting_library_function
    sys_wrch_hlt.o(.text) refers (Special) to use_no_semi.o(.text) for __I$use$semihosting
    sys_wrch_hlt.o(.text) refers (Special) to indicate_semi.o(.text) for __semihosting_library_function
    defsig.o(CL$$defsig) refers to defsig_rtmem_inner.o(.text) for __rt_SIGRTMEM_inner
    defsig_abrt_inner.o(.text) refers to defsig_general.o(.text) for __default_signal_display
    defsig_fpe_inner.o(.text) refers to defsig_general.o(.text) for __default_signal_display
    defsig_rtred_inner.o(.text) refers to defsig_general.o(.text) for __default_signal_display
    defsig_stak_inner.o(.text) refers to defsig_general.o(.text) for __default_signal_display
    defsig_pvfn_inner.o(.text) refers to defsig_general.o(.text) for __default_signal_display
    defsig_cppl_inner.o(.text) refers to defsig_general.o(.text) for __default_signal_display
    defsig_segv_inner.o(.text) refers to defsig_general.o(.text) for __default_signal_display
    defsig_other.o(.text) refers to defsig_general.o(.text) for __default_signal_display


==============================================================================

Removing Unused input sections from the image.

    Removing spi_init.o(.text), (0 bytes).
    Removing spi_init.o(.ARM.exidx.text.LPSPI0_init_master), (8 bytes).
    Removing spi_init.o(.ARM.exidx.text.LPSPI0_transmit), (8 bytes).
    Removing clock_init.o(.text), (0 bytes).
    Removing clock_init.o(.ARM.exidx.text.Clock_init), (8 bytes).
    Removing port_init.o(.text), (0 bytes).
    Removing port_init.o(.ARM.exidx.text.PORT_init), (8 bytes).
    Removing port_init.o(.ARM.exidx.text.PORTC_IRQHandler), (8 bytes).
    Removing lpuart_init.o(.text), (0 bytes).
    Removing lpuart_init.o(.ARM.exidx.text.LPUART1_init), (8 bytes).
    Removing lpuart_init.o(.ARM.exidx.text.LPUART1_transmit_char), (8 bytes).
    Removing lpuart_init.o(.ARM.exidx.text.LPUART1_transmit_string), (8 bytes).
    Removing lpuart_init.o(.ARM.exidx.text.LPUART1_RxTx_IRQHandler), (8 bytes).
    Removing display.o(.text), (0 bytes).
    Removing display.o(.ARM.exidx.text.DisplayDigit), (8 bytes).
    Removing display.o(.ARM.exidx.text.Enable_LED), (8 bytes).
    Removing display.o(.ARM.exidx.text.DisplayClock), (8 bytes).
    Removing display.o(.ARM.exidx.text.Time_cal), (8 bytes).
    Removing display.o(.ARM.exidx.text.DisplayDate), (8 bytes).
    Removing lpit_init.o(.text), (0 bytes).
    Removing lpit_init.o(.ARM.exidx.text.LPIT_init), (8 bytes).
    Removing lpit_init.o(.ARM.exidx.text.LPIT0_Ch0_IRQHandler), (8 bytes).
    Removing lpit_init.o(.ARM.exidx.text.LPIT0_Ch1_IRQHandler), (8 bytes).
    Removing main.o(.text), (0 bytes).
    Removing main.o(.ARM.exidx.text.main), (8 bytes).
    Removing main.o(.ARM.exidx.text.Menu), (8 bytes).
    Removing main.o(.ARM.exidx.text.Check_Valid), (8 bytes).
    Removing main.o(.ARM.exidx.text.Check_Mode), (8 bytes).
    Removing main.o(.ARM.exidx.text.Check_Alarm), (8 bytes).
    Removing main.o(.ARM.exidx.text.Check_Bright_Lv), (8 bytes).
    Removing main.o(.ARM.exidx.text.Check_Valid_date), (8 bytes).
    Removing main.o(.ARM.exidx.text.LeapYearCheck), (8 bytes).
    Removing main.o(.ARM.use_no_argv), (4 bytes).
    Removing startup.o(.text), (0 bytes).
    Removing startup.o(.ARM.exidx.text.init_data_bss), (8 bytes).
    Removing system_s32k144.o(.text), (0 bytes).
    Removing system_s32k144.o(.ARM.exidx.text.SystemInit), (8 bytes).
    Removing system_s32k144.o(.text.SystemCoreClockUpdate), (156 bytes).
    Removing system_s32k144.o(.ARM.exidx.text.SystemCoreClockUpdate), (8 bytes).
    Removing system_s32k144.o(.text.SystemSoftwareReset), (32 bytes).
    Removing system_s32k144.o(.ARM.exidx.text.SystemSoftwareReset), (8 bytes).
    Removing system_s32k144.o(.data.SystemCoreClock), (4 bytes).

42 unused section(s) (total 428 bytes) removed from the image.

==============================================================================

Image Symbol Table

    Local Symbols

    Symbol Name                              Value     Ov Type        Size  Object(Section)

    ../clib/angel/boardlib.s                 0x00000000   Number         0  boardinit1.o ABSOLUTE
    ../clib/angel/boardlib.s                 0x00000000   Number         0  boardinit2.o ABSOLUTE
    ../clib/angel/boardlib.s                 0x00000000   Number         0  boardinit3.o ABSOLUTE
    ../clib/angel/boardlib.s                 0x00000000   Number         0  boardshut.o ABSOLUTE
    ../clib/angel/handlers.s                 0x00000000   Number         0  __scatter_copy.o ABSOLUTE
    ../clib/angel/handlers.s                 0x00000000   Number         0  __scatter_zi.o ABSOLUTE
    ../clib/angel/kernel.s                   0x00000000   Number         0  __rtentry.o ABSOLUTE
    ../clib/angel/kernel.s                   0x00000000   Number         0  __rtentry2.o ABSOLUTE
    ../clib/angel/kernel.s                   0x00000000   Number         0  __rtentry4.o ABSOLUTE
    ../clib/angel/kernel.s                   0x00000000   Number         0  __rtentry7.o ABSOLUTE
    ../clib/angel/kernel.s                   0x00000000   Number         0  rtexit.o ABSOLUTE
    ../clib/angel/kernel.s                   0x00000000   Number         0  rtexit2.o ABSOLUTE
    ../clib/angel/rt.s                       0x00000000   Number         0  rt_ctype_table.o ABSOLUTE
    ../clib/angel/rt.s                       0x00000000   Number         0  rt_locale.o ABSOLUTE
    ../clib/angel/rt.s                       0x00000000   Number         0  rt_locale_intlibspace.o ABSOLUTE
    ../clib/angel/rt.s                       0x00000000   Number         0  rt_raise.o ABSOLUTE
    ../clib/angel/scatter.s                  0x00000000   Number         0  __scatter.o ABSOLUTE
    ../clib/angel/startup.s                  0x00000000   Number         0  __main.o ABSOLUTE
    ../clib/angel/sys.s                      0x00000000   Number         0  sys_stackheap_outer.o ABSOLUTE
    ../clib/angel/sys.s                      0x00000000   Number         0  libspace.o ABSOLUTE
    ../clib/angel/sys.s                      0x00000000   Number         0  sys_stackheap.o ABSOLUTE
    ../clib/angel/sys.s                      0x00000000   Number         0  sys_stackheap_hlt.o ABSOLUTE
    ../clib/angel/sys.s                      0x00000000   Number         0  use_no_semi.o ABSOLUTE
    ../clib/angel/sys.s                      0x00000000   Number         0  indicate_semi.o ABSOLUTE
    ../clib/angel/sysapp.c                   0x00000000   Number         0  sys_exit.o ABSOLUTE
    ../clib/angel/sysapp.c                   0x00000000   Number         0  sys_exit_hlt.o ABSOLUTE
    ../clib/angel/sysapp.c                   0x00000000   Number         0  sys_command.o ABSOLUTE
    ../clib/angel/sysapp.c                   0x00000000   Number         0  sys_command_hlt.o ABSOLUTE
    ../clib/angel/sysapp.c                   0x00000000   Number         0  sys_wrch.o ABSOLUTE
    ../clib/angel/sysapp.c                   0x00000000   Number         0  sys_wrch_hlt.o ABSOLUTE
    ../clib/armsys.c                         0x00000000   Number         0  argv_veneer.o ABSOLUTE
    ../clib/armsys.c                         0x00000000   Number         0  argv_veneer.o ABSOLUTE
    ../clib/armsys.c                         0x00000000   Number         0  _get_argv_nomalloc.o ABSOLUTE
    ../clib/armsys.c                         0x00000000   Number         0  no_argv.o ABSOLUTE
    ../clib/ctype.c                          0x00000000   Number         0  isspace.o ABSOLUTE
    ../clib/heapalloc.c                      0x00000000   Number         0  hrguard.o ABSOLUTE
    ../clib/libinit.s                        0x00000000   Number         0  libinit.o ABSOLUTE
    ../clib/libinit.s                        0x00000000   Number         0  libinit2.o ABSOLUTE
    ../clib/libinit.s                        0x00000000   Number         0  libinit5.o ABSOLUTE
    ../clib/libinit.s                        0x00000000   Number         0  libshutdown.o ABSOLUTE
    ../clib/libinit.s                        0x00000000   Number         0  libshutdown2.o ABSOLUTE
    ../clib/locale.s                         0x00000000   Number         0  lc_ctype_c.o ABSOLUTE
    ../clib/memcpset.s                       0x00000000   Number         0  strcmpv7em.o ABSOLUTE
    ../clib/scanf.c                          0x00000000   Number         0  __0sscanf.o ABSOLUTE
    ../clib/scanf.c                          0x00000000   Number         0  _scanf_int.o ABSOLUTE
    ../clib/scanf.c                          0x00000000   Number         0  _chval.o ABSOLUTE
    ../clib/scanf.c                          0x00000000   Number         0  scanf_char.o ABSOLUTE
    ../clib/scanf.c                          0x00000000   Number         0  _sgetc.o ABSOLUTE
    ../clib/scanf.c                          0x00000000   Number         0  _scanf.o ABSOLUTE
    ../clib/signal.c                         0x00000000   Number         0  defsig_rtmem_outer.o ABSOLUTE
    ../clib/signal.c                         0x00000000   Number         0  defsig_rtmem_formal.o ABSOLUTE
    ../clib/signal.c                         0x00000000   Number         0  defsig_exit.o ABSOLUTE
    ../clib/signal.c                         0x00000000   Number         0  defsig_rtmem_inner.o ABSOLUTE
    ../clib/signal.c                         0x00000000   Number         0  __raise.o ABSOLUTE
    ../clib/signal.c                         0x00000000   Number         0  defsig_general.o ABSOLUTE
    ../clib/signal.c                         0x00000000   Number         0  defsig_abrt_inner.o ABSOLUTE
    ../clib/signal.c                         0x00000000   Number         0  defsig_fpe_inner.o ABSOLUTE
    ../clib/signal.c                         0x00000000   Number         0  defsig_rtred_inner.o ABSOLUTE
    ../clib/signal.c                         0x00000000   Number         0  defsig_stak_inner.o ABSOLUTE
    ../clib/signal.c                         0x00000000   Number         0  defsig_pvfn_inner.o ABSOLUTE
    ../clib/signal.c                         0x00000000   Number         0  defsig_cppl_inner.o ABSOLUTE
    ../clib/signal.c                         0x00000000   Number         0  defsig_segv_inner.o ABSOLUTE
    ../clib/signal.c                         0x00000000   Number         0  defsig_other.o ABSOLUTE
    ../clib/signal.s                         0x00000000   Number         0  defsig.o ABSOLUTE
    ../clib/stdlib.c                         0x00000000   Number         0  exit.o ABSOLUTE
    ../fplib/fpinit.s                        0x00000000   Number         0  fpinit.o ABSOLUTE
    Clock_init.c                             0x00000000   Number         0  clock_init.o ABSOLUTE
    Display.c                                0x00000000   Number         0  display.o ABSOLUTE
    LPIT_init.c                              0x00000000   Number         0  lpit_init.o ABSOLUTE
    LPUART_init.c                            0x00000000   Number         0  lpuart_init.o ABSOLUTE
    Main.c                                   0x00000000   Number         0  main.o ABSOLUTE
    Port_init.c                              0x00000000   Number         0  port_init.o ABSOLUTE
    RTE\Device\S32K144HAxxxLLx\startup_S32K144.S 0x00000000   Number         0  startup_s32k144.o ABSOLUTE
    SPI_init.c                               0x00000000   Number         0  spi_init.o ABSOLUTE
    dc.s                                     0x00000000   Number         0  dc.o ABSOLUTE
    startup.c                                0x00000000   Number         0  startup.o ABSOLUTE
    system_S32K144.c                         0x00000000   Number         0  system_s32k144.o ABSOLUTE
    RESET                                    0x00000000   Section      560  startup_s32k144.o(RESET)
    FlashConfig                              0x00000400   Section       16  startup_s32k144.o(FlashConfig)
    .L.str.5                                 0x00000410   Data          44  main.o(.rodata.str1.1)
    [Anonymous Symbol]                       0x00000410   Section        0  main.o(.rodata.str1.1)
    .L.str.7                                 0x0000043c   Data          44  main.o(.rodata.str1.1)
    .L.str.9                                 0x00000468   Data          44  main.o(.rodata.str1.1)
    .L.str.2                                 0x00000494   Data          41  main.o(.rodata.str1.1)
    .L.str                                   0x000004bd   Data          11  main.o(.rodata.str1.1)
    .L.str.3                                 0x000004c8   Data          43  main.o(.rodata.str1.1)
    .L.str.4                                 0x000004f3   Data          43  main.o(.rodata.str1.1)
    .L.str.8                                 0x0000051e   Data          41  main.o(.rodata.str1.1)
    .L.str.6                                 0x00000547   Data          35  main.o(.rodata.str1.1)
    .L.str.14                                0x0000056a   Data          34  main.o(.rodata.str1.1)
    .L.str.10                                0x0000058c   Data          29  main.o(.rodata.str1.1)
    .L.str.12                                0x000005a9   Data          31  main.o(.rodata.str1.1)
    .L.str.1                                 0x000005c8   Data          15  main.o(.rodata.str1.1)
    .L.str.13                                0x000005d7   Data          33  main.o(.rodata.str1.1)
    locale$$data                             0x000005f8   Section      272  lc_ctype_c.o(locale$$data)
    __lcctype_c_name                         0x000005fc   Data           2  lc_ctype_c.o(locale$$data)
    __lcctype_c_start                        0x00000604   Data           0  lc_ctype_c.o(locale$$data)
    __lcctype_c_end                          0x00000708   Data           0  lc_ctype_c.o(locale$$data)
    !!!main                                  0x00000708   Section        8  __main.o(!!!main)
    !!!scatter                               0x00000710   Section       52  __scatter.o(!!!scatter)
    !!handler_copy                           0x00000744   Section       26  __scatter_copy.o(!!handler_copy)
    !!handler_zi                             0x00000760   Section       28  __scatter_zi.o(!!handler_zi)
    .ARM.Collect$$libinit$$00000000          0x0000077c   Section        2  libinit.o(.ARM.Collect$$libinit$$00000000)
    .ARM.Collect$$libinit$$00000001          0x0000077e   Section        4  libinit2.o(.ARM.Collect$$libinit$$00000001)
    .ARM.Collect$$libinit$$00000004          0x00000782   Section        0  libinit2.o(.ARM.Collect$$libinit$$00000004)
    .ARM.Collect$$libinit$$0000000A          0x00000782   Section        0  libinit2.o(.ARM.Collect$$libinit$$0000000A)
    .ARM.Collect$$libinit$$0000000C          0x00000782   Section        0  libinit2.o(.ARM.Collect$$libinit$$0000000C)
    .ARM.Collect$$libinit$$0000000E          0x00000782   Section        0  libinit2.o(.ARM.Collect$$libinit$$0000000E)
    .ARM.Collect$$libinit$$0000000F          0x00000782   Section        6  libinit2.o(.ARM.Collect$$libinit$$0000000F)
    .ARM.Collect$$libinit$$00000011          0x00000788   Section        0  libinit2.o(.ARM.Collect$$libinit$$00000011)
    .ARM.Collect$$libinit$$00000012          0x00000788   Section       12  libinit2.o(.ARM.Collect$$libinit$$00000012)
    .ARM.Collect$$libinit$$00000013          0x00000794   Section        0  libinit2.o(.ARM.Collect$$libinit$$00000013)
    .ARM.Collect$$libinit$$00000015          0x00000794   Section        0  libinit2.o(.ARM.Collect$$libinit$$00000015)
    .ARM.Collect$$libinit$$00000017          0x00000794   Section        0  libinit2.o(.ARM.Collect$$libinit$$00000017)
    .ARM.Collect$$libinit$$00000019          0x00000794   Section        0  libinit2.o(.ARM.Collect$$libinit$$00000019)
    .ARM.Collect$$libinit$$0000001B          0x00000794   Section        0  libinit2.o(.ARM.Collect$$libinit$$0000001B)
    .ARM.Collect$$libinit$$0000001D          0x00000794   Section        0  libinit2.o(.ARM.Collect$$libinit$$0000001D)
    .ARM.Collect$$libinit$$0000001F          0x00000794   Section        0  libinit2.o(.ARM.Collect$$libinit$$0000001F)
    .ARM.Collect$$libinit$$00000021          0x00000794   Section        0  libinit2.o(.ARM.Collect$$libinit$$00000021)
    .ARM.Collect$$libinit$$00000023          0x00000794   Section        0  libinit2.o(.ARM.Collect$$libinit$$00000023)
    .ARM.Collect$$libinit$$00000025          0x00000794   Section        0  libinit2.o(.ARM.Collect$$libinit$$00000025)
    .ARM.Collect$$libinit$$0000002C          0x00000794   Section        0  libinit2.o(.ARM.Collect$$libinit$$0000002C)
    .ARM.Collect$$libinit$$0000002E          0x00000794   Section        0  libinit2.o(.ARM.Collect$$libinit$$0000002E)
    .ARM.Collect$$libinit$$00000030          0x00000794   Section        0  libinit2.o(.ARM.Collect$$libinit$$00000030)
    .ARM.Collect$$libinit$$00000032          0x00000794   Section        0  libinit2.o(.ARM.Collect$$libinit$$00000032)
    .ARM.Collect$$libinit$$00000033          0x00000794   Section        2  libinit2.o(.ARM.Collect$$libinit$$00000033)
    .ARM.Collect$$libshutdown$$00000000      0x00000796   Section        2  libshutdown.o(.ARM.Collect$$libshutdown$$00000000)
    .ARM.Collect$$libshutdown$$00000002      0x00000798   Section        0  libshutdown2.o(.ARM.Collect$$libshutdown$$00000002)
    .ARM.Collect$$libshutdown$$00000004      0x00000798   Section        0  libshutdown2.o(.ARM.Collect$$libshutdown$$00000004)
    .ARM.Collect$$libshutdown$$00000007      0x00000798   Section        0  libshutdown2.o(.ARM.Collect$$libshutdown$$00000007)
    .ARM.Collect$$libshutdown$$0000000A      0x00000798   Section        0  libshutdown2.o(.ARM.Collect$$libshutdown$$0000000A)
    .ARM.Collect$$libshutdown$$0000000C      0x00000798   Section        0  libshutdown2.o(.ARM.Collect$$libshutdown$$0000000C)
    .ARM.Collect$$libshutdown$$0000000F      0x00000798   Section        0  libshutdown2.o(.ARM.Collect$$libshutdown$$0000000F)
    .ARM.Collect$$libshutdown$$00000010      0x00000798   Section        2  libshutdown2.o(.ARM.Collect$$libshutdown$$00000010)
    .ARM.Collect$$rtentry$$00000000          0x0000079a   Section        0  __rtentry.o(.ARM.Collect$$rtentry$$00000000)
    .ARM.Collect$$rtentry$$00000002          0x0000079a   Section        0  __rtentry2.o(.ARM.Collect$$rtentry$$00000002)
    .ARM.Collect$$rtentry$$00000007          0x0000079a   Section        4  __rtentry7.o(.ARM.Collect$$rtentry$$00000007)
    .ARM.Collect$$rtentry$$00000009          0x0000079e   Section        0  __rtentry2.o(.ARM.Collect$$rtentry$$00000009)
    .ARM.Collect$$rtentry$$0000000A          0x0000079e   Section        4  __rtentry2.o(.ARM.Collect$$rtentry$$0000000A)
    .ARM.Collect$$rtentry$$0000000C          0x000007a2   Section        0  __rtentry2.o(.ARM.Collect$$rtentry$$0000000C)
    .ARM.Collect$$rtentry$$0000000D          0x000007a2   Section        8  __rtentry2.o(.ARM.Collect$$rtentry$$0000000D)
    __lit__00000000                          0x000007ac   Data           4  __rtentry7.o(.ARM.Collect$$rtentry$$00002718)
    .ARM.Collect$$rtentry$$00002718          0x000007ac   Section        4  __rtentry7.o(.ARM.Collect$$rtentry$$00002718)
    .ARM.Collect$$rtexit$$00000000           0x000007b0   Section        2  rtexit.o(.ARM.Collect$$rtexit$$00000000)
    .ARM.Collect$$rtexit$$00000002           0x000007b2   Section        0  rtexit2.o(.ARM.Collect$$rtexit$$00000002)
    .ARM.Collect$$rtexit$$00000003           0x000007b2   Section        4  rtexit2.o(.ARM.Collect$$rtexit$$00000003)
    .ARM.Collect$$rtexit$$00000004           0x000007b6   Section        6  rtexit2.o(.ARM.Collect$$rtexit$$00000004)
    .text                                    0x000007bc   Section      156  startup_s32k144.o(.text)
    $v0                                      0x00000810   Number         0  startup_s32k144.o(.text)
    .text                                    0x00000858   Section        0  __0sscanf.o(.text)
    .text                                    0x00000894   Section        0  _scanf_int.o(.text)
    .text                                    0x000009e0   Section        0  _chval.o(.text)
    _scanf_char_input                        0x000009fd   Thumb Code    12  scanf_char.o(.text)
    .text                                    0x000009fc   Section        0  scanf_char.o(.text)
    .text                                    0x00000a28   Section        0  _sgetc.o(.text)
    .text                                    0x00000a68   Section        0  isspace.o(.text)
    .text                                    0x00000a7c   Section        0  _scanf.o(.text)
    .text                                    0x00000df0   Section       16  rt_ctype_table.o(.text)
    .text                                    0x00000e00   Section        0  exit.o(.text)
    .text                                    0x00000e14   Section        8  rt_locale_intlibspace.o(.text)
    .text                                    0x00000e1c   Section        2  use_no_semi.o(.text)
    .text                                    0x00000e1e   Section        0  indicate_semi.o(.text)
    .text                                    0x00000e20   Section      124  strcmpv7em.o(.text)
    .text                                    0x00000e9c   Section        0  sys_exit.o(.text)
    [Anonymous Symbol]                       0x00000ea8   Section        0  main.o(.text.Check_Alarm)
    [Anonymous Symbol]                       0x00000ee0   Section        0  main.o(.text.Check_Bright_Lv)
    [Anonymous Symbol]                       0x00000f3c   Section        0  main.o(.text.Check_Mode)
    [Anonymous Symbol]                       0x00000fcc   Section        0  main.o(.text.Check_Valid)
    [Anonymous Symbol]                       0x00001124   Section        0  main.o(.text.Check_Valid_date)
    [Anonymous Symbol]                       0x00001178   Section        0  clock_init.o(.text.Clock_init)
    [Anonymous Symbol]                       0x00001204   Section        0  display.o(.text.DisplayClock)
    [Anonymous Symbol]                       0x000012c0   Section        0  display.o(.text.DisplayDate)
    [Anonymous Symbol]                       0x000013c4   Section        0  display.o(.text.DisplayDigit)
    [Anonymous Symbol]                       0x000013d4   Section        0  display.o(.text.Enable_LED)
    [Anonymous Symbol]                       0x00001404   Section        0  lpit_init.o(.text.LPIT0_Ch0_IRQHandler)
    [Anonymous Symbol]                       0x00001428   Section        0  lpit_init.o(.text.LPIT0_Ch1_IRQHandler)
    [Anonymous Symbol]                       0x00001460   Section        0  lpit_init.o(.text.LPIT_init)
    [Anonymous Symbol]                       0x0000149c   Section        0  spi_init.o(.text.LPSPI0_init_master)
    [Anonymous Symbol]                       0x000014d4   Section        0  spi_init.o(.text.LPSPI0_transmit)
    [Anonymous Symbol]                       0x000014f0   Section        0  lpuart_init.o(.text.LPUART1_RxTx_IRQHandler)
    [Anonymous Symbol]                       0x00001540   Section        0  lpuart_init.o(.text.LPUART1_init)
    [Anonymous Symbol]                       0x00001568   Section        0  lpuart_init.o(.text.LPUART1_transmit_char)
    [Anonymous Symbol]                       0x00001588   Section        0  lpuart_init.o(.text.LPUART1_transmit_string)
    [Anonymous Symbol]                       0x000015b4   Section        0  main.o(.text.LeapYearCheck)
    [Anonymous Symbol]                       0x000015fc   Section        0  main.o(.text.Menu)
    [Anonymous Symbol]                       0x00001728   Section        0  port_init.o(.text.PORTC_IRQHandler)
    [Anonymous Symbol]                       0x000017cc   Section        0  port_init.o(.text.PORT_init)
    [Anonymous Symbol]                       0x00001890   Section        0  system_s32k144.o(.text.SystemInit)
    [Anonymous Symbol]                       0x000018d0   Section        0  display.o(.text.Time_cal)
    [Anonymous Symbol]                       0x00001924   Section        0  startup.o(.text.init_data_bss)
    [Anonymous Symbol]                       0x00001974   Section        0  main.o(.text.main)
    locale$$code                             0x000019e0   Section       44  lc_ctype_c.o(locale$$code)
    $v0                                      0x00001a0c   Number         0  fpinit.o(x$fpl$fpinit)
    x$fpl$fpinit                             0x00001a0c   Section       26  fpinit.o(x$fpl$fpinit)
    Add                                      0x1fff8400   Data          28  display.o(.data.Add)
    [Anonymous Symbol]                       0x1fff8400   Section        0  display.o(.data.Add)
    Add                                      0x1fff841c   Data          28  main.o(.data.Add)
    [Anonymous Symbol]                       0x1fff841c   Section        0  main.o(.data.Add)
    Seg                                      0x1fff8470   Data          32  display.o(.data.Seg)
    [Anonymous Symbol]                       0x1fff8470   Section        0  display.o(.data.Seg)
    Seg                                      0x1fff8490   Data          32  main.o(.data.Seg)
    [Anonymous Symbol]                       0x1fff8490   Section        0  main.o(.data.Seg)
    .bss                                     0x20000000   Section       96  libspace.o(.bss)

    Global Symbols

    Symbol Name                              Value     Ov Type        Size  Object(Section)

    BuildAttributes$$THM_ISAv4$E$P$D$K$B$S$7EM$VFPi3$EXTD16$VFPS$VFMA$PE$A:L22UL41UL21$X:L11$S22US41US21$IEEE1$IW$~IW$USESV6$~STKCKD$USESV7$~SHL$OTIME$ROPI$EBA8$UX$STANDARDLIB$REQ8$PRES8$EABIv2 0x00000000   Number         0  anon$$obj.o ABSOLUTE
    Image$$RW_m_code$$Length                 0x00000000   Number         0  anon$$obj.o ABSOLUTE
    Image$$VECTOR_RAM$$Length                0x00000000   Number         0  anon$$obj.o ABSOLUTE
    Image$$VECTOR_ROM$$Base                  0x00000000   Number         0  anon$$obj.o ABSOLUTE
    __Vectors                                0x00000000   Data           4  startup_s32k144.o(RESET)
    Image$$ZI$$Limit                          - Undefined Weak Reference
    __ARM_exceptions_init                     - Undefined Weak Reference
    __alloca_initialize                       - Undefined Weak Reference
    __arm_preinit_                            - Undefined Weak Reference
    __cpp_initialize__aeabi_                  - Undefined Weak Reference
    __cxa_finalize                            - Undefined Weak Reference
    __sigvec_lookup                           - Undefined Weak Reference
    _atexit_init                              - Undefined Weak Reference
    _call_atexit_fns                          - Undefined Weak Reference
    _clock_init                               - Undefined Weak Reference
    _fp_trap_init                             - Undefined Weak Reference
    _fp_trap_shutdown                         - Undefined Weak Reference
    _get_lc_collate                           - Undefined Weak Reference
    _get_lc_monetary                          - Undefined Weak Reference
    _get_lc_numeric                           - Undefined Weak Reference
    _get_lc_time                              - Undefined Weak Reference
    _getenv_init                              - Undefined Weak Reference
    _handle_redirection                       - Undefined Weak Reference
    _init_alloc                               - Undefined Weak Reference
    _init_user_alloc                          - Undefined Weak Reference
    _initio                                   - Undefined Weak Reference
    _rand_init                                - Undefined Weak Reference
    _scanf_longlong                           - Undefined Weak Reference
    _scanf_mbtowc                             - Undefined Weak Reference
    _scanf_real                               - Undefined Weak Reference
    _scanf_string                             - Undefined Weak Reference
    _scanf_wctomb                             - Undefined Weak Reference
    _scanf_wstring                            - Undefined Weak Reference
    _signal_finish                            - Undefined Weak Reference
    _signal_init                              - Undefined Weak Reference
    _terminate_alloc                          - Undefined Weak Reference
    _terminate_user_alloc                     - Undefined Weak Reference
    _terminateio                              - Undefined Weak Reference
    Image$$RW_m_data$$Length                 0x000000bc   Number         0  anon$$obj.o ABSOLUTE
    Image$$VECTOR_ROM$$Length                0x00000230   Number         0  anon$$obj.o ABSOLUTE
    Image$$VECTOR_ROM$$Limit                 0x00000230   Number         0  anon$$obj.o ABSOLUTE
    Image$$ER_m_text_const$$Base             0x00000410   Number         0  anon$$obj.o ABSOLUTE
    __ctype                                  0x00000605   Data           0  lc_ctype_c.o(locale$$data)
    Image$$ER_m_text_const$$Limit            0x00000708   Number         0  anon$$obj.o ABSOLUTE
    __main                                   0x00000709   Thumb Code     8  __main.o(!!!main)
    __scatterload                            0x00000711   Thumb Code     0  __scatter.o(!!!scatter)
    __scatterload_rt2                        0x00000711   Thumb Code    44  __scatter.o(!!!scatter)
    __scatterload_rt2_thumb_only             0x00000711   Thumb Code     0  __scatter.o(!!!scatter)
    __scatterload_null                       0x0000071f   Thumb Code     0  __scatter.o(!!!scatter)
    __scatterload_copy                       0x00000745   Thumb Code    26  __scatter_copy.o(!!handler_copy)
    __scatterload_zeroinit                   0x00000761   Thumb Code    28  __scatter_zi.o(!!handler_zi)
    __rt_lib_init                            0x0000077d   Thumb Code     0  libinit.o(.ARM.Collect$$libinit$$00000000)
    __rt_lib_init_fp_1                       0x0000077f   Thumb Code     0  libinit2.o(.ARM.Collect$$libinit$$00000001)
    __rt_lib_init_heap_1                     0x00000783   Thumb Code     0  libinit2.o(.ARM.Collect$$libinit$$0000000A)
    __rt_lib_init_lc_common                  0x00000783   Thumb Code     0  libinit2.o(.ARM.Collect$$libinit$$0000000F)
    __rt_lib_init_preinit_1                  0x00000783   Thumb Code     0  libinit2.o(.ARM.Collect$$libinit$$00000004)
    __rt_lib_init_rand_1                     0x00000783   Thumb Code     0  libinit2.o(.ARM.Collect$$libinit$$0000000E)
    __rt_lib_init_user_alloc_1               0x00000783   Thumb Code     0  libinit2.o(.ARM.Collect$$libinit$$0000000C)
    __rt_lib_init_lc_collate_1               0x00000789   Thumb Code     0  libinit2.o(.ARM.Collect$$libinit$$00000011)
    __rt_lib_init_lc_ctype_2                 0x00000789   Thumb Code     0  libinit2.o(.ARM.Collect$$libinit$$00000012)
    __rt_lib_init_alloca_1                   0x00000795   Thumb Code     0  libinit2.o(.ARM.Collect$$libinit$$0000002E)
    __rt_lib_init_argv_1                     0x00000795   Thumb Code     0  libinit2.o(.ARM.Collect$$libinit$$0000002C)
    __rt_lib_init_atexit_1                   0x00000795   Thumb Code     0  libinit2.o(.ARM.Collect$$libinit$$0000001B)
    __rt_lib_init_clock_1                    0x00000795   Thumb Code     0  libinit2.o(.ARM.Collect$$libinit$$00000021)
    __rt_lib_init_cpp_1                      0x00000795   Thumb Code     0  libinit2.o(.ARM.Collect$$libinit$$00000032)
    __rt_lib_init_exceptions_1               0x00000795   Thumb Code     0  libinit2.o(.ARM.Collect$$libinit$$00000030)
    __rt_lib_init_fp_trap_1                  0x00000795   Thumb Code     0  libinit2.o(.ARM.Collect$$libinit$$0000001F)
    __rt_lib_init_getenv_1                   0x00000795   Thumb Code     0  libinit2.o(.ARM.Collect$$libinit$$00000023)
    __rt_lib_init_lc_ctype_1                 0x00000795   Thumb Code     0  libinit2.o(.ARM.Collect$$libinit$$00000013)
    __rt_lib_init_lc_monetary_1              0x00000795   Thumb Code     0  libinit2.o(.ARM.Collect$$libinit$$00000015)
    __rt_lib_init_lc_numeric_1               0x00000795   Thumb Code     0  libinit2.o(.ARM.Collect$$libinit$$00000017)
    __rt_lib_init_lc_time_1                  0x00000795   Thumb Code     0  libinit2.o(.ARM.Collect$$libinit$$00000019)
    __rt_lib_init_return                     0x00000795   Thumb Code     0  libinit2.o(.ARM.Collect$$libinit$$00000033)
    __rt_lib_init_signal_1                   0x00000795   Thumb Code     0  libinit2.o(.ARM.Collect$$libinit$$0000001D)
    __rt_lib_init_stdio_1                    0x00000795   Thumb Code     0  libinit2.o(.ARM.Collect$$libinit$$00000025)
    __rt_lib_shutdown                        0x00000797   Thumb Code     0  libshutdown.o(.ARM.Collect$$libshutdown$$00000000)
    __rt_lib_shutdown_cpp_1                  0x00000799   Thumb Code     0  libshutdown2.o(.ARM.Collect$$libshutdown$$00000002)
    __rt_lib_shutdown_fp_trap_1              0x00000799   Thumb Code     0  libshutdown2.o(.ARM.Collect$$libshutdown$$00000007)
    __rt_lib_shutdown_heap_1                 0x00000799   Thumb Code     0  libshutdown2.o(.ARM.Collect$$libshutdown$$0000000F)
    __rt_lib_shutdown_return                 0x00000799   Thumb Code     0  libshutdown2.o(.ARM.Collect$$libshutdown$$00000010)
    __rt_lib_shutdown_signal_1               0x00000799   Thumb Code     0  libshutdown2.o(.ARM.Collect$$libshutdown$$0000000A)
    __rt_lib_shutdown_stdio_1                0x00000799   Thumb Code     0  libshutdown2.o(.ARM.Collect$$libshutdown$$00000004)
    __rt_lib_shutdown_user_alloc_1           0x00000799   Thumb Code     0  libshutdown2.o(.ARM.Collect$$libshutdown$$0000000C)
    __rt_entry                               0x0000079b   Thumb Code     0  __rtentry.o(.ARM.Collect$$rtentry$$00000000)
    __rt_entry_presh_1                       0x0000079b   Thumb Code     0  __rtentry2.o(.ARM.Collect$$rtentry$$00000002)
    __rt_entry_sh                            0x0000079b   Thumb Code     0  __rtentry7.o(.ARM.Collect$$rtentry$$00000007)
    __rt_entry_li                            0x0000079f   Thumb Code     0  __rtentry2.o(.ARM.Collect$$rtentry$$0000000A)
    __rt_entry_postsh_1                      0x0000079f   Thumb Code     0  __rtentry2.o(.ARM.Collect$$rtentry$$00000009)
    __rt_entry_main                          0x000007a3   Thumb Code     0  __rtentry2.o(.ARM.Collect$$rtentry$$0000000D)
    __rt_entry_postli_1                      0x000007a3   Thumb Code     0  __rtentry2.o(.ARM.Collect$$rtentry$$0000000C)
    __rt_exit                                0x000007b1   Thumb Code     0  rtexit.o(.ARM.Collect$$rtexit$$00000000)
    __rt_exit_ls                             0x000007b3   Thumb Code     0  rtexit2.o(.ARM.Collect$$rtexit$$00000003)
    __rt_exit_prels_1                        0x000007b3   Thumb Code     0  rtexit2.o(.ARM.Collect$$rtexit$$00000002)
    __rt_exit_exit                           0x000007b7   Thumb Code     0  rtexit2.o(.ARM.Collect$$rtexit$$00000004)
    __RAM_VECTOR_TABLE_SIZE                  0x000007bc   Data           4  startup_s32k144.o(.text)
    __VECTOR_RAM                             0x000007c0   Data           4  startup_s32k144.o(.text)
    __VECTOR_ROM                             0x000007c4   Data           4  startup_s32k144.o(.text)
    __VECTOR_ROM_START                       0x000007c8   Data           4  startup_s32k144.o(.text)
    __VECTOR_ROM_END                         0x000007cc   Data           4  startup_s32k144.o(.text)
    __CODE_ROM                               0x000007d0   Data           4  startup_s32k144.o(.text)
    __CODE_END                               0x000007d4   Data           4  startup_s32k144.o(.text)
    __CODE_RAM                               0x000007d8   Data           4  startup_s32k144.o(.text)
    __CODE_RAM_START                         0x000007dc   Data           4  startup_s32k144.o(.text)
    __CODE_RAM_END                           0x000007e0   Data           4  startup_s32k144.o(.text)
    __BSS_START                              0x000007e4   Data           4  startup_s32k144.o(.text)
    __BSS_END                                0x000007e8   Data           4  startup_s32k144.o(.text)
    __DATA_RAM                               0x000007ec   Data           4  startup_s32k144.o(.text)
    __DATA_RAM_START                         0x000007f0   Data           4  startup_s32k144.o(.text)
    __DATA_RAM_END                           0x000007f4   Data           4  startup_s32k144.o(.text)
    __DATA_ROM                               0x000007f8   Data           4  startup_s32k144.o(.text)
    __DATA_END                               0x000007fc   Data           4  startup_s32k144.o(.text)
    __CUSTOM_SECTION_START                   0x00000800   Data           4  startup_s32k144.o(.text)
    __CUSTOM_SECTION_END                     0x00000804   Data           4  startup_s32k144.o(.text)
    __RAM_START                              0x00000808   Data           4  startup_s32k144.o(.text)
    __RAM_END                                0x0000080c   Data           4  startup_s32k144.o(.text)
    Reset_Handler                            0x00000811   Thumb Code    28  startup_s32k144.o(.text)
    NMI_Handler                              0x0000082d   Thumb Code     2  startup_s32k144.o(.text)
    HardFault_Handler                        0x0000082f   Thumb Code     2  startup_s32k144.o(.text)
    MemManage_Handler                        0x00000831   Thumb Code     2  startup_s32k144.o(.text)
    BusFault_Handler                         0x00000833   Thumb Code     2  startup_s32k144.o(.text)
    UsageFault_Handler                       0x00000835   Thumb Code     2  startup_s32k144.o(.text)
    SVC_Handler                              0x00000837   Thumb Code     2  startup_s32k144.o(.text)
    DebugMon_Handler                         0x00000839   Thumb Code     2  startup_s32k144.o(.text)
    PendSV_Handler                           0x0000083b   Thumb Code     2  startup_s32k144.o(.text)
    SysTick_Handler                          0x0000083d   Thumb Code     2  startup_s32k144.o(.text)
    DefaultISR                               0x0000083f   Thumb Code     2  startup_s32k144.o(.text)
    ADC0_IRQHandler                          0x00000841   Thumb Code     0  startup_s32k144.o(.text)
    ADC1_IRQHandler                          0x00000841   Thumb Code     0  startup_s32k144.o(.text)
    CAN0_Error_IRQHandler                    0x00000841   Thumb Code     0  startup_s32k144.o(.text)
    CAN0_ORed_0_15_MB_IRQHandler             0x00000841   Thumb Code     0  startup_s32k144.o(.text)
    CAN0_ORed_16_31_MB_IRQHandler            0x00000841   Thumb Code     0  startup_s32k144.o(.text)
    CAN0_ORed_IRQHandler                     0x00000841   Thumb Code     0  startup_s32k144.o(.text)
    CAN0_Wake_Up_IRQHandler                  0x00000841   Thumb Code     0  startup_s32k144.o(.text)
    CAN1_Error_IRQHandler                    0x00000841   Thumb Code     0  startup_s32k144.o(.text)
    CAN1_ORed_0_15_MB_IRQHandler             0x00000841   Thumb Code     0  startup_s32k144.o(.text)
    CAN1_ORed_IRQHandler                     0x00000841   Thumb Code     0  startup_s32k144.o(.text)
    CAN2_Error_IRQHandler                    0x00000841   Thumb Code     0  startup_s32k144.o(.text)
    CAN2_ORed_0_15_MB_IRQHandler             0x00000841   Thumb Code     0  startup_s32k144.o(.text)
    CAN2_ORed_IRQHandler                     0x00000841   Thumb Code     0  startup_s32k144.o(.text)
    CMP0_IRQHandler                          0x00000841   Thumb Code     0  startup_s32k144.o(.text)
    DMA0_IRQHandler                          0x00000841   Thumb Code     0  startup_s32k144.o(.text)
    DMA10_IRQHandler                         0x00000841   Thumb Code     0  startup_s32k144.o(.text)
    DMA11_IRQHandler                         0x00000841   Thumb Code     0  startup_s32k144.o(.text)
    DMA12_IRQHandler                         0x00000841   Thumb Code     0  startup_s32k144.o(.text)
    DMA13_IRQHandler                         0x00000841   Thumb Code     0  startup_s32k144.o(.text)
    DMA14_IRQHandler                         0x00000841   Thumb Code     0  startup_s32k144.o(.text)
    DMA15_IRQHandler                         0x00000841   Thumb Code     0  startup_s32k144.o(.text)
    DMA1_IRQHandler                          0x00000841   Thumb Code     0  startup_s32k144.o(.text)
    DMA2_IRQHandler                          0x00000841   Thumb Code     0  startup_s32k144.o(.text)
    DMA3_IRQHandler                          0x00000841   Thumb Code     0  startup_s32k144.o(.text)
    DMA4_IRQHandler                          0x00000841   Thumb Code     0  startup_s32k144.o(.text)
    DMA5_IRQHandler                          0x00000841   Thumb Code     0  startup_s32k144.o(.text)
    DMA6_IRQHandler                          0x00000841   Thumb Code     0  startup_s32k144.o(.text)
    DMA7_IRQHandler                          0x00000841   Thumb Code     0  startup_s32k144.o(.text)
    DMA8_IRQHandler                          0x00000841   Thumb Code     0  startup_s32k144.o(.text)
    DMA9_IRQHandler                          0x00000841   Thumb Code     0  startup_s32k144.o(.text)
    DMA_Error_IRQHandler                     0x00000841   Thumb Code     0  startup_s32k144.o(.text)
    ERM_double_fault_IRQHandler              0x00000841   Thumb Code     0  startup_s32k144.o(.text)
    ERM_single_fault_IRQHandler              0x00000841   Thumb Code     0  startup_s32k144.o(.text)
    FLEXIO_IRQHandler                        0x00000841   Thumb Code     0  startup_s32k144.o(.text)
    FTFC_Fault_IRQHandler                    0x00000841   Thumb Code     0  startup_s32k144.o(.text)
    FTFC_IRQHandler                          0x00000841   Thumb Code     0  startup_s32k144.o(.text)
    FTM0_Ch0_Ch1_IRQHandler                  0x00000841   Thumb Code     0  startup_s32k144.o(.text)
    FTM0_Ch2_Ch3_IRQHandler                  0x00000841   Thumb Code     0  startup_s32k144.o(.text)
    FTM0_Ch4_Ch5_IRQHandler                  0x00000841   Thumb Code     0  startup_s32k144.o(.text)
    FTM0_Ch6_Ch7_IRQHandler                  0x00000841   Thumb Code     0  startup_s32k144.o(.text)
    FTM0_Fault_IRQHandler                    0x00000841   Thumb Code     0  startup_s32k144.o(.text)
    FTM0_Ovf_Reload_IRQHandler               0x00000841   Thumb Code     0  startup_s32k144.o(.text)
    FTM1_Ch0_Ch1_IRQHandler                  0x00000841   Thumb Code     0  startup_s32k144.o(.text)
    FTM1_Ch2_Ch3_IRQHandler                  0x00000841   Thumb Code     0  startup_s32k144.o(.text)
    FTM1_Ch4_Ch5_IRQHandler                  0x00000841   Thumb Code     0  startup_s32k144.o(.text)
    FTM1_Ch6_Ch7_IRQHandler                  0x00000841   Thumb Code     0  startup_s32k144.o(.text)
    FTM1_Fault_IRQHandler                    0x00000841   Thumb Code     0  startup_s32k144.o(.text)
    FTM1_Ovf_Reload_IRQHandler               0x00000841   Thumb Code     0  startup_s32k144.o(.text)
    FTM2_Ch0_Ch1_IRQHandler                  0x00000841   Thumb Code     0  startup_s32k144.o(.text)
    FTM2_Ch2_Ch3_IRQHandler                  0x00000841   Thumb Code     0  startup_s32k144.o(.text)
    FTM2_Ch4_Ch5_IRQHandler                  0x00000841   Thumb Code     0  startup_s32k144.o(.text)
    FTM2_Ch6_Ch7_IRQHandler                  0x00000841   Thumb Code     0  startup_s32k144.o(.text)
    FTM2_Fault_IRQHandler                    0x00000841   Thumb Code     0  startup_s32k144.o(.text)
    FTM2_Ovf_Reload_IRQHandler               0x00000841   Thumb Code     0  startup_s32k144.o(.text)
    FTM3_Ch0_Ch1_IRQHandler                  0x00000841   Thumb Code     0  startup_s32k144.o(.text)
    FTM3_Ch2_Ch3_IRQHandler                  0x00000841   Thumb Code     0  startup_s32k144.o(.text)
    FTM3_Ch4_Ch5_IRQHandler                  0x00000841   Thumb Code     0  startup_s32k144.o(.text)
    FTM3_Ch6_Ch7_IRQHandler                  0x00000841   Thumb Code     0  startup_s32k144.o(.text)
    FTM3_Fault_IRQHandler                    0x00000841   Thumb Code     0  startup_s32k144.o(.text)
    FTM3_Ovf_Reload_IRQHandler               0x00000841   Thumb Code     0  startup_s32k144.o(.text)
    LPI2C0_Master_IRQHandler                 0x00000841   Thumb Code     0  startup_s32k144.o(.text)
    LPI2C0_Slave_IRQHandler                  0x00000841   Thumb Code     0  startup_s32k144.o(.text)
    LPIT0_Ch2_IRQHandler                     0x00000841   Thumb Code     0  startup_s32k144.o(.text)
    LPIT0_Ch3_IRQHandler                     0x00000841   Thumb Code     0  startup_s32k144.o(.text)
    LPSPI0_IRQHandler                        0x00000841   Thumb Code     0  startup_s32k144.o(.text)
    LPSPI1_IRQHandler                        0x00000841   Thumb Code     0  startup_s32k144.o(.text)
    LPSPI2_IRQHandler                        0x00000841   Thumb Code     0  startup_s32k144.o(.text)
    LPTMR0_IRQHandler                        0x00000841   Thumb Code     0  startup_s32k144.o(.text)
    LPUART0_RxTx_IRQHandler                  0x00000841   Thumb Code     0  startup_s32k144.o(.text)
    LPUART2_RxTx_IRQHandler                  0x00000841   Thumb Code     0  startup_s32k144.o(.text)
    LVD_LVW_IRQHandler                       0x00000841   Thumb Code     0  startup_s32k144.o(.text)
    MCM_IRQHandler                           0x00000841   Thumb Code     0  startup_s32k144.o(.text)
    PDB0_IRQHandler                          0x00000841   Thumb Code     0  startup_s32k144.o(.text)
    PDB1_IRQHandler                          0x00000841   Thumb Code     0  startup_s32k144.o(.text)
    PORTA_IRQHandler                         0x00000841   Thumb Code     0  startup_s32k144.o(.text)
    PORTB_IRQHandler                         0x00000841   Thumb Code     0  startup_s32k144.o(.text)
    PORTD_IRQHandler                         0x00000841   Thumb Code     0  startup_s32k144.o(.text)
    PORTE_IRQHandler                         0x00000841   Thumb Code     0  startup_s32k144.o(.text)
    RCM_IRQHandler                           0x00000841   Thumb Code     0  startup_s32k144.o(.text)
    RTC_IRQHandler                           0x00000841   Thumb Code     0  startup_s32k144.o(.text)
    RTC_Seconds_IRQHandler                   0x00000841   Thumb Code     0  startup_s32k144.o(.text)
    Read_Collision_IRQHandler                0x00000841   Thumb Code     0  startup_s32k144.o(.text)
    Reserved100_IRQHandler                   0x00000841   Thumb Code     0  startup_s32k144.o(.text)
    Reserved103_IRQHandler                   0x00000841   Thumb Code     0  startup_s32k144.o(.text)
    Reserved105_IRQHandler                   0x00000841   Thumb Code     0  startup_s32k144.o(.text)
    Reserved106_IRQHandler                   0x00000841   Thumb Code     0  startup_s32k144.o(.text)
    Reserved107_IRQHandler                   0x00000841   Thumb Code     0  startup_s32k144.o(.text)
    Reserved110_IRQHandler                   0x00000841   Thumb Code     0  startup_s32k144.o(.text)
    Reserved112_IRQHandler                   0x00000841   Thumb Code     0  startup_s32k144.o(.text)
    Reserved113_IRQHandler                   0x00000841   Thumb Code     0  startup_s32k144.o(.text)
    Reserved114_IRQHandler                   0x00000841   Thumb Code     0  startup_s32k144.o(.text)
    Reserved45_IRQHandler                    0x00000841   Thumb Code     0  startup_s32k144.o(.text)
    Reserved46_IRQHandler                    0x00000841   Thumb Code     0  startup_s32k144.o(.text)
    Reserved48_IRQHandler                    0x00000841   Thumb Code     0  startup_s32k144.o(.text)
    Reserved50_IRQHandler                    0x00000841   Thumb Code     0  startup_s32k144.o(.text)
    Reserved52_IRQHandler                    0x00000841   Thumb Code     0  startup_s32k144.o(.text)
    Reserved53_IRQHandler                    0x00000841   Thumb Code     0  startup_s32k144.o(.text)
    Reserved54_IRQHandler                    0x00000841   Thumb Code     0  startup_s32k144.o(.text)
    Reserved58_IRQHandler                    0x00000841   Thumb Code     0  startup_s32k144.o(.text)
    Reserved59_IRQHandler                    0x00000841   Thumb Code     0  startup_s32k144.o(.text)
    Reserved69_IRQHandler                    0x00000841   Thumb Code     0  startup_s32k144.o(.text)
    Reserved70_IRQHandler                    0x00000841   Thumb Code     0  startup_s32k144.o(.text)
    Reserved71_IRQHandler                    0x00000841   Thumb Code     0  startup_s32k144.o(.text)
    Reserved72_IRQHandler                    0x00000841   Thumb Code     0  startup_s32k144.o(.text)
    Reserved81_IRQHandler                    0x00000841   Thumb Code     0  startup_s32k144.o(.text)
    Reserved82_IRQHandler                    0x00000841   Thumb Code     0  startup_s32k144.o(.text)
    Reserved83_IRQHandler                    0x00000841   Thumb Code     0  startup_s32k144.o(.text)
    Reserved86_IRQHandler                    0x00000841   Thumb Code     0  startup_s32k144.o(.text)
    Reserved87_IRQHandler                    0x00000841   Thumb Code     0  startup_s32k144.o(.text)
    Reserved88_IRQHandler                    0x00000841   Thumb Code     0  startup_s32k144.o(.text)
    Reserved89_IRQHandler                    0x00000841   Thumb Code     0  startup_s32k144.o(.text)
    Reserved90_IRQHandler                    0x00000841   Thumb Code     0  startup_s32k144.o(.text)
    Reserved91_IRQHandler                    0x00000841   Thumb Code     0  startup_s32k144.o(.text)
    Reserved92_IRQHandler                    0x00000841   Thumb Code     0  startup_s32k144.o(.text)
    Reserved93_IRQHandler                    0x00000841   Thumb Code     0  startup_s32k144.o(.text)
    Reserved99_IRQHandler                    0x00000841   Thumb Code     0  startup_s32k144.o(.text)
    SCG_IRQHandler                           0x00000841   Thumb Code     0  startup_s32k144.o(.text)
    SWI_IRQHandler                           0x00000841   Thumb Code     0  startup_s32k144.o(.text)
    WDOG_EWM_IRQHandler                      0x00000841   Thumb Code     0  startup_s32k144.o(.text)
    __0sscanf                                0x00000859   Thumb Code    52  __0sscanf.o(.text)
    _scanf_int                               0x00000895   Thumb Code   332  _scanf_int.o(.text)
    _chval                                   0x000009e1   Thumb Code    28  _chval.o(.text)
    __vfscanf_char                           0x00000a09   Thumb Code    24  scanf_char.o(.text)
    _sgetc                                   0x00000a29   Thumb Code    30  _sgetc.o(.text)
    _sbackspace                              0x00000a47   Thumb Code    34  _sgetc.o(.text)
    isspace                                  0x00000a69   Thumb Code    18  isspace.o(.text)
    __vfscanf                                0x00000a7d   Thumb Code   878  _scanf.o(.text)
    __rt_ctype_table                         0x00000df1   Thumb Code    16  rt_ctype_table.o(.text)
    exit                                     0x00000e01   Thumb Code    18  exit.o(.text)
    __rt_locale                              0x00000e15   Thumb Code     8  rt_locale_intlibspace.o(.text)
    __I$use$semihosting                      0x00000e1d   Thumb Code     0  use_no_semi.o(.text)
    __use_no_semihosting_swi                 0x00000e1d   Thumb Code     2  use_no_semi.o(.text)
    __semihosting_library_function           0x00000e1f   Thumb Code     0  indicate_semi.o(.text)
    strcmp                                   0x00000e21   Thumb Code   124  strcmpv7em.o(.text)
    _sys_exit                                0x00000e9d   Thumb Code     8  sys_exit.o(.text)
    Check_Alarm                              0x00000ea9   Thumb Code    56  main.o(.text.Check_Alarm)
    Check_Bright_Lv                          0x00000ee1   Thumb Code    92  main.o(.text.Check_Bright_Lv)
    Check_Mode                               0x00000f3d   Thumb Code   144  main.o(.text.Check_Mode)
    Check_Valid                              0x00000fcd   Thumb Code   344  main.o(.text.Check_Valid)
    Check_Valid_date                         0x00001125   Thumb Code    82  main.o(.text.Check_Valid_date)
    Clock_init                               0x00001179   Thumb Code   138  clock_init.o(.text.Clock_init)
    DisplayClock                             0x00001205   Thumb Code   186  display.o(.text.DisplayClock)
    DisplayDate                              0x000012c1   Thumb Code   258  display.o(.text.DisplayDate)
    DisplayDigit                             0x000013c5   Thumb Code    14  display.o(.text.DisplayDigit)
    Enable_LED                               0x000013d5   Thumb Code    48  display.o(.text.Enable_LED)
    LPIT0_Ch0_IRQHandler                     0x00001405   Thumb Code    36  lpit_init.o(.text.LPIT0_Ch0_IRQHandler)
    LPIT0_Ch1_IRQHandler                     0x00001429   Thumb Code    54  lpit_init.o(.text.LPIT0_Ch1_IRQHandler)
    LPIT_init                                0x00001461   Thumb Code    58  lpit_init.o(.text.LPIT_init)
    LPSPI0_init_master                       0x0000149d   Thumb Code    56  spi_init.o(.text.LPSPI0_init_master)
    LPSPI0_transmit                          0x000014d5   Thumb Code    26  spi_init.o(.text.LPSPI0_transmit)
    LPUART1_RxTx_IRQHandler                  0x000014f1   Thumb Code    78  lpuart_init.o(.text.LPUART1_RxTx_IRQHandler)
    LPUART1_init                             0x00001541   Thumb Code    40  lpuart_init.o(.text.LPUART1_init)
    LPUART1_transmit_char                    0x00001569   Thumb Code    32  lpuart_init.o(.text.LPUART1_transmit_char)
    LPUART1_transmit_string                  0x00001589   Thumb Code    42  lpuart_init.o(.text.LPUART1_transmit_string)
    LeapYearCheck                            0x000015b5   Thumb Code    70  main.o(.text.LeapYearCheck)
    Menu                                     0x000015fd   Thumb Code   300  main.o(.text.Menu)
    PORTC_IRQHandler                         0x00001729   Thumb Code   162  port_init.o(.text.PORTC_IRQHandler)
    PORT_init                                0x000017cd   Thumb Code   194  port_init.o(.text.PORT_init)
    SystemInit                               0x00001891   Thumb Code    64  system_s32k144.o(.text.SystemInit)
    Time_cal                                 0x000018d1   Thumb Code    82  display.o(.text.Time_cal)
    init_data_bss                            0x00001925   Thumb Code    80  startup.o(.text.init_data_bss)
    main                                     0x00001975   Thumb Code   106  main.o(.text.main)
    _get_lc_ctype                            0x000019e1   Thumb Code    44  lc_ctype_c.o(locale$$code)
    _fp_init                                 0x00001a0d   Thumb Code    26  fpinit.o(x$fpl$fpinit)
    __fplib_config_fpu_vfp                   0x00001a25   Thumb Code     0  fpinit.o(x$fpl$fpinit)
    __fplib_config_pureend_doubles           0x00001a25   Thumb Code     0  fpinit.o(x$fpl$fpinit)
    Region$$Table$$Base                      0x00001a28   Number         0  anon$$obj.o(Region$$Table)
    Image$$ER_m_text$$Limit                  0x00001a48   Number         0  anon$$obj.o ABSOLUTE
    Region$$Table$$Limit                     0x00001a48   Number         0  anon$$obj.o(Region$$Table)
    Image$$VECTOR_RAM$$Base                  0x1fff8000   Number         0  anon$$obj.o ABSOLUTE
    Image$$RW_m_data$$Base                   0x1fff8400   Number         0  anon$$obj.o ABSOLUTE
    Alarm                                    0x1fff8438   Data          12  main.o(.data.Alarm)
    Date                                     0x1fff8444   Data          12  main.o(.data.Date)
    Display_Mode                             0x1fff8450   Data           5  main.o(.data.Display_Mode)
    Led_Bright_Lv                            0x1fff8458   Data          24  main.o(.data.Led_Bright_Lv)
    Time                                     0x1fff84b0   Data          12  main.o(.data.Time)
    Image$$RW_m_code$$Base                   0x1fff84bc   Number         0  anon$$obj.o ABSOLUTE
    Image$$RW_m_code$$Limit                  0x1fff84bc   Number         0  anon$$obj.o ABSOLUTE
    Image$$RW_m_data$$Limit                  0x1fff84bc   Number         0  anon$$obj.o ABSOLUTE
    Image$$RW_m_custom_section$$Base         0x20000000   Number         0  anon$$obj.o ABSOLUTE
    Image$$RW_m_custom_section$$Limit        0x20000000   Number         0  anon$$obj.o ABSOLUTE
    Image$$RW_m_data_2$$ZI$$Base             0x20000000   Number         0  anon$$obj.o ABSOLUTE
    __libspace_start                         0x20000000   Data          96  libspace.o(.bss)
    Bright_Lv                                0x20000060   Data           4  main.o(.bss.Bright_Lv)
    __temporary_stack_top$libspace           0x20000060   Data           0  libspace.o(.bss)
    CurTime                                  0x20000064   Data           4  main.o(.bss.CurTime)
    G_mode                                   0x20000068   Data           4  main.o(.bss.G_mode)
    Led_Toggle_Count                         0x2000006c   Data           4  lpit_init.o(.bss.Led_Toggle_Count)
    PreTime                                  0x20000070   Data           4  main.o(.bss.PreTime)
    UART_receive_data                        0x20000074   Data          20  lpuart_init.o(.bss.UART_receive_data)
    Word_Count                               0x20000088   Data           4  lpuart_init.o(.bss.Word_Count)
    flag                                     0x2000008c   Data           4  lpuart_init.o(.bss.flag)
    Image$$ARM_LIB_HEAP$$ZI$$Base            0x20000090   Number         0  anon$$obj.o ABSOLUTE
    Image$$RW_m_data_2$$ZI$$Limit            0x20000090   Number         0  anon$$obj.o ABSOLUTE
    Image$$ARM_LIB_HEAP$$ZI$$Limit           0x20000490   Number         0  anon$$obj.o ABSOLUTE
    Image$$ARM_LIB_STACK$$Limit              0x20006c00   Number         0  anon$$obj.o ABSOLUTE
    Image$$ARM_LIB_STACK$$ZI$$Limit          0x20007000   Number         0  anon$$obj.o ABSOLUTE



==============================================================================

Memory Map of the image

  Image Entry point : 0x00000709

  Load Region LR_m_text (Base: 0x00000000, Size: 0x00001b04, Max: 0x00080000, ABSOLUTE)

    Execution Region VECTOR_ROM (Exec base: 0x00000000, Load base: 0x00000000, Size: 0x00000230, Max: 0x00000400, ABSOLUTE)

    Exec Addr    Load Addr    Size         Type   Attr      Idx    E Section Name        Object

    0x00000000   0x00000000   0x00000230   Data   RO          135    RESET               startup_s32k144.o


    Execution Region ER_m_flash_config (Exec base: 0x00000400, Load base: 0x00000400, Size: 0x00000010, Max: 0x00000010, ABSOLUTE, FIXED)

    Exec Addr    Load Addr    Size         Type   Attr      Idx    E Section Name        Object

    0x00000400   0x00000400   0x00000010   Data   RO          136    FlashConfig         startup_s32k144.o


    Execution Region ER_m_text_const (Exec base: 0x00000410, Load base: 0x00000410, Size: 0x000002f8, Max: 0xffffffff, ABSOLUTE)

    Exec Addr    Load Addr    Size         Type   Attr      Idx    E Section Name        Object

    0x00000410   0x00000410   0x000001e8   Data   RO          114    .rodata.str1.1      main.o
    0x000005f8   0x000005f8   0x00000110   Data   RO          222    locale$$data        c_w.l(lc_ctype_c.o)


    Execution Region ER_m_text (Exec base: 0x00000708, Load base: 0x00000708, Size: 0x00001340, Max: 0x0007fbf0, ABSOLUTE)

    Exec Addr    Load Addr    Size         Type   Attr      Idx    E Section Name        Object

    0x00000708   0x00000708   0x00000008   Code   RO          163  * !!!main             c_w.l(__main.o)
    0x00000710   0x00000710   0x00000034   Code   RO          361    !!!scatter          c_w.l(__scatter.o)
    0x00000744   0x00000744   0x0000001a   Code   RO          363    !!handler_copy      c_w.l(__scatter_copy.o)
    0x0000075e   0x0000075e   0x00000002   PAD
    0x00000760   0x00000760   0x0000001c   Code   RO          365    !!handler_zi        c_w.l(__scatter_zi.o)
    0x0000077c   0x0000077c   0x00000002   Code   RO          207    .ARM.Collect$$libinit$$00000000  c_w.l(libinit.o)
    0x0000077e   0x0000077e   0x00000004   Code   RO          225    .ARM.Collect$$libinit$$00000001  c_w.l(libinit2.o)
    0x00000782   0x00000782   0x00000000   Code   RO          228    .ARM.Collect$$libinit$$00000004  c_w.l(libinit2.o)
    0x00000782   0x00000782   0x00000000   Code   RO          231    .ARM.Collect$$libinit$$0000000A  c_w.l(libinit2.o)
    0x00000782   0x00000782   0x00000000   Code   RO          233    .ARM.Collect$$libinit$$0000000C  c_w.l(libinit2.o)
    0x00000782   0x00000782   0x00000000   Code   RO          235    .ARM.Collect$$libinit$$0000000E  c_w.l(libinit2.o)
    0x00000782   0x00000782   0x00000006   Code   RO          236    .ARM.Collect$$libinit$$0000000F  c_w.l(libinit2.o)
    0x00000788   0x00000788   0x00000000   Code   RO          238    .ARM.Collect$$libinit$$00000011  c_w.l(libinit2.o)
    0x00000788   0x00000788   0x0000000c   Code   RO          239    .ARM.Collect$$libinit$$00000012  c_w.l(libinit2.o)
    0x00000794   0x00000794   0x00000000   Code   RO          240    .ARM.Collect$$libinit$$00000013  c_w.l(libinit2.o)
    0x00000794   0x00000794   0x00000000   Code   RO          242    .ARM.Collect$$libinit$$00000015  c_w.l(libinit2.o)
    0x00000794   0x00000794   0x00000000   Code   RO          244    .ARM.Collect$$libinit$$00000017  c_w.l(libinit2.o)
    0x00000794   0x00000794   0x00000000   Code   RO          246    .ARM.Collect$$libinit$$00000019  c_w.l(libinit2.o)
    0x00000794   0x00000794   0x00000000   Code   RO          248    .ARM.Collect$$libinit$$0000001B  c_w.l(libinit2.o)
    0x00000794   0x00000794   0x00000000   Code   RO          250    .ARM.Collect$$libinit$$0000001D  c_w.l(libinit2.o)
    0x00000794   0x00000794   0x00000000   Code   RO          252    .ARM.Collect$$libinit$$0000001F  c_w.l(libinit2.o)
    0x00000794   0x00000794   0x00000000   Code   RO          254    .ARM.Collect$$libinit$$00000021  c_w.l(libinit2.o)
    0x00000794   0x00000794   0x00000000   Code   RO          256    .ARM.Collect$$libinit$$00000023  c_w.l(libinit2.o)
    0x00000794   0x00000794   0x00000000   Code   RO          258    .ARM.Collect$$libinit$$00000025  c_w.l(libinit2.o)
    0x00000794   0x00000794   0x00000000   Code   RO          262    .ARM.Collect$$libinit$$0000002C  c_w.l(libinit2.o)
    0x00000794   0x00000794   0x00000000   Code   RO          264    .ARM.Collect$$libinit$$0000002E  c_w.l(libinit2.o)
    0x00000794   0x00000794   0x00000000   Code   RO          266    .ARM.Collect$$libinit$$00000030  c_w.l(libinit2.o)
    0x00000794   0x00000794   0x00000000   Code   RO          268    .ARM.Collect$$libinit$$00000032  c_w.l(libinit2.o)
    0x00000794   0x00000794   0x00000002   Code   RO          269    .ARM.Collect$$libinit$$00000033  c_w.l(libinit2.o)
    0x00000796   0x00000796   0x00000002   Code   RO          300    .ARM.Collect$$libshutdown$$00000000  c_w.l(libshutdown.o)
    0x00000798   0x00000798   0x00000000   Code   RO          312    .ARM.Collect$$libshutdown$$00000002  c_w.l(libshutdown2.o)
    0x00000798   0x00000798   0x00000000   Code   RO          314    .ARM.Collect$$libshutdown$$00000004  c_w.l(libshutdown2.o)
    0x00000798   0x00000798   0x00000000   Code   RO          317    .ARM.Collect$$libshutdown$$00000007  c_w.l(libshutdown2.o)
    0x00000798   0x00000798   0x00000000   Code   RO          320    .ARM.Collect$$libshutdown$$0000000A  c_w.l(libshutdown2.o)
    0x00000798   0x00000798   0x00000000   Code   RO          322    .ARM.Collect$$libshutdown$$0000000C  c_w.l(libshutdown2.o)
    0x00000798   0x00000798   0x00000000   Code   RO          325    .ARM.Collect$$libshutdown$$0000000F  c_w.l(libshutdown2.o)
    0x00000798   0x00000798   0x00000002   Code   RO          326    .ARM.Collect$$libshutdown$$00000010  c_w.l(libshutdown2.o)
    0x0000079a   0x0000079a   0x00000000   Code   RO          165    .ARM.Collect$$rtentry$$00000000  c_w.l(__rtentry.o)
    0x0000079a   0x0000079a   0x00000000   Code   RO          173    .ARM.Collect$$rtentry$$00000002  c_w.l(__rtentry2.o)
    0x0000079a   0x0000079a   0x00000004   Code   RO          187    .ARM.Collect$$rtentry$$00000007  c_w.l(__rtentry7.o)
    0x0000079e   0x0000079e   0x00000000   Code   RO          175    .ARM.Collect$$rtentry$$00000009  c_w.l(__rtentry2.o)
    0x0000079e   0x0000079e   0x00000004   Code   RO          176    .ARM.Collect$$rtentry$$0000000A  c_w.l(__rtentry2.o)
    0x000007a2   0x000007a2   0x00000000   Code   RO          178    .ARM.Collect$$rtentry$$0000000C  c_w.l(__rtentry2.o)
    0x000007a2   0x000007a2   0x00000008   Code   RO          179    .ARM.Collect$$rtentry$$0000000D  c_w.l(__rtentry2.o)
    0x000007aa   0x000007aa   0x00000002   PAD
    0x000007ac   0x000007ac   0x00000004   Code   RO          188    .ARM.Collect$$rtentry$$00002718  c_w.l(__rtentry7.o)
    0x000007b0   0x000007b0   0x00000002   Code   RO          215    .ARM.Collect$$rtexit$$00000000  c_w.l(rtexit.o)
    0x000007b2   0x000007b2   0x00000000   Code   RO          278    .ARM.Collect$$rtexit$$00000002  c_w.l(rtexit2.o)
    0x000007b2   0x000007b2   0x00000004   Code   RO          279    .ARM.Collect$$rtexit$$00000003  c_w.l(rtexit2.o)
    0x000007b6   0x000007b6   0x00000006   Code   RO          280    .ARM.Collect$$rtexit$$00000004  c_w.l(rtexit2.o)
    0x000007bc   0x000007bc   0x0000009c   Code   RO          134    .text               startup_s32k144.o
    0x00000858   0x00000858   0x0000003c   Code   RO          159    .text               c_w.l(__0sscanf.o)
    0x00000894   0x00000894   0x0000014c   Code   RO          161    .text               c_w.l(_scanf_int.o)
    0x000009e0   0x000009e0   0x0000001c   Code   RO          166    .text               c_w.l(_chval.o)
    0x000009fc   0x000009fc   0x0000002c   Code   RO          168    .text               c_w.l(scanf_char.o)
    0x00000a28   0x00000a28   0x00000040   Code   RO          170    .text               c_w.l(_sgetc.o)
    0x00000a68   0x00000a68   0x00000012   Code   RO          192    .text               c_w.l(isspace.o)
    0x00000a7a   0x00000a7a   0x00000002   PAD
    0x00000a7c   0x00000a7c   0x00000374   Code   RO          194    .text               c_w.l(_scanf.o)
    0x00000df0   0x00000df0   0x00000010   Code   RO          198    .text               c_w.l(rt_ctype_table.o)
    0x00000e00   0x00000e00   0x00000012   Code   RO          200    .text               c_w.l(exit.o)
    0x00000e12   0x00000e12   0x00000002   PAD
    0x00000e14   0x00000e14   0x00000008   Code   RO          220    .text               c_w.l(rt_locale_intlibspace.o)
    0x00000e1c   0x00000e1c   0x00000002   Code   RO          274    .text               c_w.l(use_no_semi.o)
    0x00000e1e   0x00000e1e   0x00000000   Code   RO          276    .text               c_w.l(indicate_semi.o)
    0x00000e1e   0x00000e1e   0x00000002   PAD
    0x00000e20   0x00000e20   0x0000007c   Code   RO          284    .text               c_w.l(strcmpv7em.o)
    0x00000e9c   0x00000e9c   0x0000000c   Code   RO          290    .text               c_w.l(sys_exit.o)
    0x00000ea8   0x00000ea8   0x00000038   Code   RO           97    .text.Check_Alarm   main.o
    0x00000ee0   0x00000ee0   0x0000005c   Code   RO           99    .text.Check_Bright_Lv  main.o
    0x00000f3c   0x00000f3c   0x00000090   Code   RO           95    .text.Check_Mode    main.o
    0x00000fcc   0x00000fcc   0x00000158   Code   RO           93    .text.Check_Valid   main.o
    0x00001124   0x00001124   0x00000052   Code   RO          101    .text.Check_Valid_date  main.o
    0x00001176   0x00001176   0x00000002   PAD
    0x00001178   0x00001178   0x0000008a   Code   RO           17    .text.Clock_init    clock_init.o
    0x00001202   0x00001202   0x00000002   PAD
    0x00001204   0x00001204   0x000000ba   Code   RO           59    .text.DisplayClock  display.o
    0x000012be   0x000012be   0x00000002   PAD
    0x000012c0   0x000012c0   0x00000102   Code   RO           63    .text.DisplayDate   display.o
    0x000013c2   0x000013c2   0x00000002   PAD
    0x000013c4   0x000013c4   0x0000000e   Code   RO           55    .text.DisplayDigit  display.o
    0x000013d2   0x000013d2   0x00000002   PAD
    0x000013d4   0x000013d4   0x00000030   Code   RO           57    .text.Enable_LED    display.o
    0x00001404   0x00001404   0x00000024   Code   RO           77    .text.LPIT0_Ch0_IRQHandler  lpit_init.o
    0x00001428   0x00001428   0x00000036   Code   RO           79    .text.LPIT0_Ch1_IRQHandler  lpit_init.o
    0x0000145e   0x0000145e   0x00000002   PAD
    0x00001460   0x00001460   0x0000003a   Code   RO           75    .text.LPIT_init     lpit_init.o
    0x0000149a   0x0000149a   0x00000002   PAD
    0x0000149c   0x0000149c   0x00000038   Code   RO            5    .text.LPSPI0_init_master  spi_init.o
    0x000014d4   0x000014d4   0x0000001a   Code   RO            7    .text.LPSPI0_transmit  spi_init.o
    0x000014ee   0x000014ee   0x00000002   PAD
    0x000014f0   0x000014f0   0x0000004e   Code   RO           42    .text.LPUART1_RxTx_IRQHandler  lpuart_init.o
    0x0000153e   0x0000153e   0x00000002   PAD
    0x00001540   0x00001540   0x00000028   Code   RO           36    .text.LPUART1_init  lpuart_init.o
    0x00001568   0x00001568   0x00000020   Code   RO           38    .text.LPUART1_transmit_char  lpuart_init.o
    0x00001588   0x00001588   0x0000002a   Code   RO           40    .text.LPUART1_transmit_string  lpuart_init.o
    0x000015b2   0x000015b2   0x00000002   PAD
    0x000015b4   0x000015b4   0x00000046   Code   RO          103    .text.LeapYearCheck  main.o
    0x000015fa   0x000015fa   0x00000002   PAD
    0x000015fc   0x000015fc   0x0000012c   Code   RO           91    .text.Menu          main.o
    0x00001728   0x00001728   0x000000a2   Code   RO           27    .text.PORTC_IRQHandler  port_init.o
    0x000017ca   0x000017ca   0x00000002   PAD
    0x000017cc   0x000017cc   0x000000c2   Code   RO           25    .text.PORT_init     port_init.o
    0x0000188e   0x0000188e   0x00000002   PAD
    0x00001890   0x00001890   0x00000040   Code   RO          143    .text.SystemInit    system_s32k144.o
    0x000018d0   0x000018d0   0x00000052   Code   RO           61    .text.Time_cal      display.o
    0x00001922   0x00001922   0x00000002   PAD
    0x00001924   0x00001924   0x00000050   Code   RO          126    .text.init_data_bss  startup.o
    0x00001974   0x00001974   0x0000006a   Code   RO           89    .text.main          main.o
    0x000019de   0x000019de   0x00000002   PAD
    0x000019e0   0x000019e0   0x0000002c   Code   RO          223    locale$$code        c_w.l(lc_ctype_c.o)
    0x00001a0c   0x00001a0c   0x0000001a   Code   RO          288    x$fpl$fpinit        fz_wm.l(fpinit.o)
    0x00001a26   0x00001a26   0x00000002   PAD
    0x00001a28   0x00001a28   0x00000020   Data   RO          360    Region$$Table       anon$$obj.o


    Execution Region VECTOR_RAM (Exec base: 0x1fff8000, Load base: 0x00000230, Size: 0x00000400, Max: 0x00000400, ABSOLUTE)

    Exec Addr    Load Addr    Size         Type   Attr      Idx    E Section Name        Object

    0x1fff8000        -       0x00000400   Zero   RW            1    VECTOR_RAM.bss      anon$$obj.o


    Execution Region RW_m_data (Exec base: 0x1fff8400, Load base: 0x00001a48, Size: 0x000000bc, Max: 0xffffffff, ABSOLUTE)

    Exec Addr    Load Addr    Size         Type   Attr      Idx    E Section Name        Object

    0x1fff8400   0x00001a48   0x0000001c   Data   RW           65    .data.Add           display.o
    0x1fff841c   0x00001a64   0x0000001c   Data   RW          115    .data.Add           main.o
    0x1fff8438   0x00001a80   0x0000000c   Data   RW          107    .data.Alarm         main.o
    0x1fff8444   0x00001a8c   0x0000000c   Data   RW          106    .data.Date          main.o
    0x1fff8450   0x00001a98   0x00000005   Data   RW          108    .data.Display_Mode  main.o
    0x1fff8455   0x00001a9d   0x00000003   PAD
    0x1fff8458   0x00001aa0   0x00000018   Data   RW          113    .data.Led_Bright_Lv  main.o
    0x1fff8470   0x00001ab8   0x00000020   Data   RW           66    .data.Seg           display.o
    0x1fff8490   0x00001ad8   0x00000020   Data   RW          116    .data.Seg           main.o
    0x1fff84b0   0x00001af8   0x0000000c   Data   RW          105    .data.Time          main.o


    Execution Region RW_m_code (Exec base: 0x1fff84bc, Load base: 0x00001b04, Size: 0x00000000, Max: 0x00007c00, ABSOLUTE)

    **** No section assigned to this execution region ****


    Execution Region RW_m_custom_section (Exec base: 0x20000000, Load base: 0x00001b04, Size: 0x00000000, Max: 0xffffffff, ABSOLUTE)

    **** No section assigned to this execution region ****


    Execution Region RW_m_data_2 (Exec base: 0x20000000, Load base: 0x00001b04, Size: 0x00000090, Max: 0x00006800, ABSOLUTE)

    Exec Addr    Load Addr    Size         Type   Attr      Idx    E Section Name        Object

    0x20000000        -       0x00000060   Zero   RW          209    .bss                c_w.l(libspace.o)
    0x20000060        -       0x00000004   Zero   RW          112    .bss.Bright_Lv      main.o
    0x20000064        -       0x00000004   Zero   RW          109    .bss.CurTime        main.o
    0x20000068        -       0x00000004   Zero   RW          111    .bss.G_mode         main.o
    0x2000006c        -       0x00000004   Zero   RW           81    .bss.Led_Toggle_Count  lpit_init.o
    0x20000070        -       0x00000004   Zero   RW          110    .bss.PreTime        main.o
    0x20000074        -       0x00000014   Zero   RW           46    .bss.UART_receive_data  lpuart_init.o
    0x20000088        -       0x00000004   Zero   RW           44    .bss.Word_Count     lpuart_init.o
    0x2000008c        -       0x00000004   Zero   RW           45    .bss.flag           lpuart_init.o


    Execution Region ARM_LIB_HEAP (Exec base: 0x20000090, Load base: 0x00001b04, Size: 0x00000400, Max: 0x00000400, ABSOLUTE)

    Exec Addr    Load Addr    Size         Type   Attr      Idx    E Section Name        Object

    0x20000090        -       0x00000400   Zero   RW            2    ARM_LIB_HEAP.bss    anon$$obj.o


    Execution Region ARM_LIB_STACK (Exec base: 0x20006c00, Load base: 0x00001b04, Size: 0x00000400, Max: 0x00000400, ABSOLUTE)

    Exec Addr    Load Addr    Size         Type   Attr      Idx    E Section Name        Object

    0x20006c00        -       0x00000400   Zero   RW            3    ARM_LIB_STACK.bss   anon$$obj.o


==============================================================================

Image component sizes


      Code (inc. data)   RO Data    RW Data    ZI Data      Debug   Object Name

       138          0          0          0          0       1199   clock_init.o
       588          0          0         60          0       1608   display.o
       148          0          0          0          4       2677   lpit_init.o
       192          0          0          0         28       2732   lpuart_init.o
      1194        226        488        125         16       3841   main.o
       356          0          0          0          0       3382   port_init.o
        82          0          0          0          0       2410   spi_init.o
        80          0          0          0          0       1096   startup.o
       156        106        576          0          0        912   startup_s32k144.o
        64          0          0          0          0       2952   system_s32k144.o

    ----------------------------------------------------------------------
      3028        332       1096        188       3120      22809   Object Totals
         0          0         32          0       3072          0   (incl. Generated)
        30          0          0          3          0          0   (incl. Padding)

    ----------------------------------------------------------------------

      Code (inc. data)   RO Data    RW Data    ZI Data      Debug   Library Member Name

        60          8          0          0          0         84   __0sscanf.o
         8          0          0          0          0         68   __main.o
         0          0          0          0          0          0   __rtentry.o
        12          0          0          0          0          0   __rtentry2.o
         8          4          0          0          0          0   __rtentry7.o
        52          8          0          0          0          0   __scatter.o
        26          0          0          0          0          0   __scatter_copy.o
        28          0          0          0          0          0   __scatter_zi.o
        28          0          0          0          0         68   _chval.o
       884          6          0          0          0        100   _scanf.o
       332          0          0          0          0         96   _scanf_int.o
        64          0          0          0          0         84   _sgetc.o
        18          0          0          0          0         80   exit.o
         0          0          0          0          0          0   indicate_semi.o
        18          0          0          0          0         76   isspace.o
        44         10        272          0          0         76   lc_ctype_c.o
         2          0          0          0          0          0   libinit.o
        24          0          0          0          0          0   libinit2.o
         2          0          0          0          0          0   libshutdown.o
         2          0          0          0          0          0   libshutdown2.o
         0          0          0          0         96          0   libspace.o
        16          4          0          0          0         76   rt_ctype_table.o
         8          4          0          0          0         68   rt_locale_intlibspace.o
         2          0          0          0          0          0   rtexit.o
        10          0          0          0          0          0   rtexit2.o
        44          8          0          0          0         84   scanf_char.o
       124          0          0          0          0         88   strcmpv7em.o
        12          4          0          0          0         68   sys_exit.o
         2          0          0          0          0         68   use_no_semi.o
        26          0          0          0          0        116   fpinit.o

    ----------------------------------------------------------------------
      1868         56        272          0         96       1300   Library Totals
        12          0          0          0          0          0   (incl. Padding)

    ----------------------------------------------------------------------

      Code (inc. data)   RO Data    RW Data    ZI Data      Debug   Library Name

      1830         56        272          0         96       1184   c_w.l
        26          0          0          0          0        116   fz_wm.l

    ----------------------------------------------------------------------
      1868         56        272          0         96       1300   Library Totals

    ----------------------------------------------------------------------

==============================================================================


      Code (inc. data)   RO Data    RW Data    ZI Data      Debug   

      4896        388       1368        188       3216      23409   Grand Totals
      4896        388       1368        188       3216      23409   ELF Image Totals
      4896        388       1368        188          0          0   ROM Totals

==============================================================================

    Total RO  Size (Code + RO Data)                 6264 (   6.12kB)
    Total RW  Size (RW Data + ZI Data)              3404 (   3.32kB)
    Total ROM Size (Code + RO Data + RW Data)       6452 (   6.30kB)

==============================================================================

